Component: ARM Compiler 5.06 update 3 (build 300) Tool: armlink [4d35c9]

==============================================================================

Section Cross References

    system_stm32f4xx.o(i.SystemCoreClockUpdate) refers to system_stm32f4xx.o(.data) for SystemCoreClock
    system_stm32f4xx.o(i.SystemInit) refers to system_stm32f4xx.o(i.SetSysClock) for SetSysClock
    startup_stm32f40_41xxx.o(STACK) refers (Special) to heapauxi.o(.text) for __use_two_region_memory
    startup_stm32f40_41xxx.o(HEAP) refers (Special) to heapauxi.o(.text) for __use_two_region_memory
    startup_stm32f40_41xxx.o(RESET) refers (Special) to heapauxi.o(.text) for __use_two_region_memory
    startup_stm32f40_41xxx.o(RESET) refers to startup_stm32f40_41xxx.o(STACK) for __initial_sp
    startup_stm32f40_41xxx.o(RESET) refers to startup_stm32f40_41xxx.o(.text) for Reset_Handler
    startup_stm32f40_41xxx.o(RESET) refers to port.o(.emb_text) for SVC_Handler
    startup_stm32f40_41xxx.o(RESET) refers to port.o(i.SysTick_Handler) for SysTick_Handler
    startup_stm32f40_41xxx.o(RESET) refers to controlalgorithm.o(i.TIM4_IRQHandler) for TIM4_IRQHandler
    startup_stm32f40_41xxx.o(RESET) refers to usart.o(i.USART1_IRQHandler) for USART1_IRQHandler
    startup_stm32f40_41xxx.o(.text) refers (Special) to heapauxi.o(.text) for __use_two_region_memory
    startup_stm32f40_41xxx.o(.text) refers to system_stm32f4xx.o(i.SystemInit) for SystemInit
    startup_stm32f40_41xxx.o(.text) refers to __main.o(!!!main) for __main
    startup_stm32f40_41xxx.o(.text) refers to startup_stm32f40_41xxx.o(HEAP) for Heap_Mem
    startup_stm32f40_41xxx.o(.text) refers to startup_stm32f40_41xxx.o(STACK) for Stack_Mem
    main.o(i.main) refers to queue.o(i.xQueueGenericCreate) for xQueueGenericCreate
    main.o(i.main) refers to misc.o(i.NVIC_PriorityGroupConfig) for NVIC_PriorityGroupConfig
    main.o(i.main) refers to usart.o(i.USART1_Init) for USART1_Init
    main.o(i.main) refers to gpio.o(i.gpio_init) for gpio_init
    main.o(i.main) refers to timer.o(i.TimerInit) for TimerInit
    main.o(i.main) refers to tasks.o(i.xTaskCreate) for xTaskCreate
    main.o(i.main) refers to tasks.o(i.vTaskStartScheduler) for vTaskStartScheduler
    main.o(i.main) refers to main.o(.data) for xQueueMotorSetup
    main.o(i.main) refers to main.o(.bss) for xQueueMotorSetpoint
    main.o(i.main) refers to usart.o(i.vDecodeMsgTask) for vDecodeMsgTask
    main.o(i.main) refers to controlalgorithm.o(i.vTaskMotorController) for vTaskMotorController
    main.o(i.vApplicationIdleHook) refers to main.o(.data) for u64IdleTicksCnt
    main.o(i.vApplicationTickHook) refers to main.o(.data) for u64Ticks
    usart.o(i.USART1_Dequeue) refers to usart.o(.data) for RX_BUFFER_HEAD
    usart.o(i.USART1_Dequeue) refers to usart.o(.bss) for RX_BUFFER
    usart.o(i.USART1_IRQHandler) refers to stm32f4xx_usart.o(i.USART_GetITStatus) for USART_GetITStatus
    usart.o(i.USART1_IRQHandler) refers to stm32f4xx_usart.o(i.USART_ClearITPendingBit) for USART_ClearITPendingBit
    usart.o(i.USART1_IRQHandler) refers to stm32f4xx_usart.o(i.USART_ReceiveData) for USART_ReceiveData
    usart.o(i.USART1_IRQHandler) refers to tasks.o(i.vTaskNotifyGiveFromISR) for vTaskNotifyGiveFromISR
    usart.o(i.USART1_IRQHandler) refers to usart.o(.data) for rx_char
    usart.o(i.USART1_IRQHandler) refers to usart.o(.bss) for RX_BUFFER
    usart.o(i.USART1_IRQHandler) refers to main.o(.data) for xDecodeMsgTaskHandle
    usart.o(i.USART1_Init) refers to stm32f4xx_rcc.o(i.RCC_APB2PeriphClockCmd) for RCC_APB2PeriphClockCmd
    usart.o(i.USART1_Init) refers to stm32f4xx_rcc.o(i.RCC_AHB1PeriphClockCmd) for RCC_AHB1PeriphClockCmd
    usart.o(i.USART1_Init) refers to stm32f4xx_gpio.o(i.GPIO_Init) for GPIO_Init
    usart.o(i.USART1_Init) refers to stm32f4xx_gpio.o(i.GPIO_PinAFConfig) for GPIO_PinAFConfig
    usart.o(i.USART1_Init) refers to stm32f4xx_usart.o(i.USART_Init) for USART_Init
    usart.o(i.USART1_Init) refers to stm32f4xx_usart.o(i.USART_ITConfig) for USART_ITConfig
    usart.o(i.USART1_Init) refers to misc.o(i.NVIC_Init) for NVIC_Init
    usart.o(i.USART1_Init) refers to stm32f4xx_usart.o(i.USART_Cmd) for USART_Cmd
    usart.o(i.USART1_Init) refers to usart.o(.data) for TxReady
    usart.o(i.USART1_SendChar) refers to stm32f4xx_usart.o(i.USART_SendData) for USART_SendData
    usart.o(i.USART1_SendChar) refers to usart.o(.data) for TxReady
    usart.o(i.vDecodeMsgTask) refers to tasks.o(i.ulTaskNotifyTake) for ulTaskNotifyTake
    usart.o(i.vDecodeMsgTask) refers to usart.o(i.USART1_Dequeue) for USART1_Dequeue
    usart.o(i.vDecodeMsgTask) refers to queue.o(i.xQueueGenericSend) for xQueueGenericSend
    usart.o(i.vDecodeMsgTask) refers to main.o(.bss) for xQueueMotorSetpoint
    usart.o(i.vDecodeMsgTask) refers to main.o(.data) for xQueueMotorSetup
    timer.o(i.TimerInit) refers to stm32f4xx_rcc.o(i.RCC_APB1PeriphClockCmd) for RCC_APB1PeriphClockCmd
[...]
    ../clib/armsys.c                         0x00000000   Number         0  no_argv.o ABSOLUTE
    ../clib/heapalloc.c                      0x00000000   Number         0  hrguard.o ABSOLUTE
    ../clib/heapaux.c                        0x00000000   Number         0  heapauxi.o ABSOLUTE
    ../clib/libinit.s                        0x00000000   Number         0  libinit.o ABSOLUTE
    ../clib/libinit.s                        0x00000000   Number         0  libshutdown.o ABSOLUTE
    ../clib/libinit.s                        0x00000000   Number         0  libinit2.o ABSOLUTE
    ../clib/libinit.s                        0x00000000   Number         0  libshutdown2.o ABSOLUTE
    ../clib/memcpset.s                       0x00000000   Number         0  rt_memcpy_v6.o ABSOLUTE
    ../clib/memcpset.s                       0x00000000   Number         0  aeabi_memset.o ABSOLUTE
    ../clib/memcpset.s                       0x00000000   Number         0  rt_memcpy_w.o ABSOLUTE
    ../clib/memcpset.s                       0x00000000   Number         0  rt_memclr.o ABSOLUTE
    ../clib/memcpset.s                       0x00000000   Number         0  rt_memclr_w.o ABSOLUTE
    ../clib/signal.c                         0x00000000   Number         0  defsig_rtmem_formal.o ABSOLUTE
    ../clib/signal.c                         0x00000000   Number         0  defsig_exit.o ABSOLUTE
    ../clib/signal.c                         0x00000000   Number         0  defsig_rtmem_outer.o ABSOLUTE
    ../clib/signal.c                         0x00000000   Number         0  defsig_other.o ABSOLUTE
    ../clib/signal.c                         0x00000000   Number         0  defsig_segv_inner.o ABSOLUTE
    ../clib/signal.c                         0x00000000   Number         0  defsig_cppl_inner.o ABSOLUTE
    ../clib/signal.c                         0x00000000   Number         0  defsig_rtmem_inner.o ABSOLUTE
    ../clib/signal.c                         0x00000000   Number         0  defsig_pvfn_inner.o ABSOLUTE
    ../clib/signal.c                         0x00000000   Number         0  defsig_stak_inner.o ABSOLUTE
    ../clib/signal.c                         0x00000000   Number         0  defsig_rtred_inner.o ABSOLUTE
    ../clib/signal.c                         0x00000000   Number         0  defsig_fpe_inner.o ABSOLUTE
    ../clib/signal.c                         0x00000000   Number         0  defsig_abrt_inner.o ABSOLUTE
    ../clib/signal.c                         0x00000000   Number         0  defsig_general.o ABSOLUTE
    ../clib/signal.c                         0x00000000   Number         0  __raise.o ABSOLUTE
    ../clib/signal.s                         0x00000000   Number         0  defsig.o ABSOLUTE
    ../clib/stdlib.c                         0x00000000   Number         0  exit.o ABSOLUTE
    ../fplib/fpinit.s                        0x00000000   Number         0  fpinit.o ABSOLUTE
    FreeRTOS\\portable\\keil\\ARM_CM4F\\port.c 0x00000000   Number         0  port.o ABSOLUTE
    FreeRTOS\croutine.c                      0x00000000   Number         0  croutine.o ABSOLUTE
    FreeRTOS\list.c                          0x00000000   Number         0  list.o ABSOLUTE
    FreeRTOS\portable\MemMang\heap_2.c       0x00000000   Number         0  heap_2.o ABSOLUTE
    FreeRTOS\portable\keil\ARM_CM4F\port.c   0x00000000   Number         0  port.o ABSOLUTE
    FreeRTOS\queue.c                         0x00000000   Number         0  queue.o ABSOLUTE
    FreeRTOS\tasks.c                         0x00000000   Number         0  tasks.o ABSOLUTE
    FreeRTOS\timers.c                        0x00000000   Number         0  timers.o ABSOLUTE
    Lib\CMSIS\Device\ST\STM32F4xx\Source\Templates\arm\startup_stm32f40_41xxx.s 0x00000000   Number         0  startup_stm32f40_41xxx.o ABSOLUTE
    Lib\CMSIS\Device\ST\STM32F4xx\Source\Templates\system_stm32f4xx.c 0x00000000   Number         0  system_stm32f4xx.o ABSOLUTE
    Lib\STM32F4xx_StdPeriph_Driver\src\misc.c 0x00000000   Number         0  misc.o ABSOLUTE
    Lib\STM32F4xx_StdPeriph_Driver\src\stm32f4xx_gpio.c 0x00000000   Number         0  stm32f4xx_gpio.o ABSOLUTE
    Lib\STM32F4xx_StdPeriph_Driver\src\stm32f4xx_rcc.c 0x00000000   Number         0  stm32f4xx_rcc.o ABSOLUTE
    Lib\STM32F4xx_StdPeriph_Driver\src\stm32f4xx_tim.c 0x00000000   Number         0  stm32f4xx_tim.o ABSOLUTE
    Lib\STM32F4xx_StdPeriph_Driver\src\stm32f4xx_usart.c 0x00000000   Number         0  stm32f4xx_usart.o ABSOLUTE
    Lib\\CMSIS\\Device\\ST\\STM32F4xx\\Source\\Templates\\system_stm32f4xx.c 0x00000000   Number         0  system_stm32f4xx.o ABSOLUTE
    Lib\\STM32F4xx_StdPeriph_Driver\\src\\misc.c 0x00000000   Number         0  misc.o ABSOLUTE
    Lib\\STM32F4xx_StdPeriph_Driver\\src\\stm32f4xx_gpio.c 0x00000000   Number         0  stm32f4xx_gpio.o ABSOLUTE
    Lib\\STM32F4xx_StdPeriph_Driver\\src\\stm32f4xx_rcc.c 0x00000000   Number         0  stm32f4xx_rcc.o ABSOLUTE
    Lib\\STM32F4xx_StdPeriph_Driver\\src\\stm32f4xx_tim.c 0x00000000   Number         0  stm32f4xx_tim.o ABSOLUTE
    Lib\\STM32F4xx_StdPeriph_Driver\\src\\stm32f4xx_usart.c 0x00000000   Number         0  stm32f4xx_usart.o ABSOLUTE
    controlAlgorithm.c                       0x00000000   Number         0  controlalgorithm.o ABSOLUTE
    controlAlgorithm.c                       0x00000000   Number         0  controlalgorithm.o ABSOLUTE
    dc.s                                     0x00000000   Number         0  dc.o ABSOLUTE
    gpio.c                                   0x00000000   Number         0  gpio.o ABSOLUTE
    gpio.c                                   0x00000000   Number         0  gpio.o ABSOLUTE
    main.c                                   0x00000000   Number         0  main.o ABSOLUTE
    main.c                                   0x00000000   Number         0  main.o ABSOLUTE
    timer.c                                  0x00000000   Number         0  timer.o ABSOLUTE
    timer.c                                  0x00000000   Number         0  timer.o ABSOLUTE
    usart.c                                  0x00000000   Number         0  usart.o ABSOLUTE
    usart.c                                  0x00000000   Number         0  usart.o ABSOLUTE
    RESET                                    0x08000000   Section      392  startup_stm32f40_41xxx.o(RESET)
    !!!main                                  0x08000188   Section        8  __main.o(!!!main)
    !!!scatter                               0x08000190   Section       52  __scatter.o(!!!scatter)
    !!handler_copy                           0x080001c4   Section       26  __scatter_copy.o(!!handler_copy)
    !!handler_zi                             0x080001e0   Section       28  __scatter_zi.o(!!handler_zi)
    .ARM.Collect$$libinit$$00000000          0x080001fc   Section        2  libinit.o(.ARM.Collect$$libinit$$00000000)
    .ARM.Collect$$libinit$$00000001          0x080001fe   Section        4  libinit2.o(.ARM.Collect$$libinit$$00000001)
    .ARM.Collect$$libinit$$00000004          0x08000202   Section        0  libinit2.o(.ARM.Collect$$libinit$$00000004)
    .ARM.Collect$$libinit$$0000000A          0x08000202   Section        0  libinit2.o(.ARM.Collect$$libinit$$0000000A)
    .ARM.Collect$$libinit$$0000000C          0x08000202   Section        0  libinit2.o(.ARM.Collect$$libinit$$0000000C)
    .ARM.Collect$$libinit$$0000000E          0x08000202   Section        0  libinit2.o(.ARM.Collect$$libinit$$0000000E)
    .ARM.Collect$$libinit$$00000011          0x08000202   Section        0  libinit2.o(.ARM.Collect$$libinit$$00000011)
    .ARM.Collect$$libinit$$00000013          0x08000202   Section        0  libinit2.o(.ARM.Collect$$libinit$$00000013)
    .ARM.Collect$$libinit$$00000015          0x08000202   Section        0  libinit2.o(.ARM.Collect$$libinit$$00000015)
    .ARM.Collect$$libinit$$00000017          0x08000202   Section        0  libinit2.o(.ARM.Collect$$libinit$$00000017)
    .ARM.Collect$$libinit$$00000019          0x08000202   Section        0  libinit2.o(.ARM.Collect$$libinit$$00000019)
    .ARM.Collect$$libinit$$0000001B          0x08000202   Section        0  libinit2.o(.ARM.Collect$$libinit$$0000001B)
    .ARM.Collect$$libinit$$0000001D          0x08000202   Section        0  libinit2.o(.ARM.Collect$$libinit$$0000001D)
    .ARM.Collect$$libinit$$0000001F          0x08000202   Section        0  libinit2.o(.ARM.Collect$$libinit$$0000001F)
    .ARM.Collect$$libinit$$00000021          0x08000202   Section        0  libinit2.o(.ARM.Collect$$libinit$$00000021)
    .ARM.Collect$$libinit$$00000023          0x08000202   Section        0  libinit2.o(.ARM.Collect$$libinit$$00000023)
    .ARM.Collect$$libinit$$00000025          0x08000202   Section        0  libinit2.o(.ARM.Collect$$libinit$$00000025)
    .ARM.Collect$$libinit$$0000002C          0x08000202   Section        0  libinit2.o(.ARM.Collect$$libinit$$0000002C)
    .ARM.Collect$$libinit$$0000002E          0x08000202   Section        0  libinit2.o(.ARM.Collect$$libinit$$0000002E)
    .ARM.Collect$$libinit$$00000030          0x08000202   Section        0  libinit2.o(.ARM.Collect$$libinit$$00000030)
    .ARM.Collect$$libinit$$00000032          0x08000202   Section        0  libinit2.o(.ARM.Collect$$libinit$$00000032)
    .ARM.Collect$$libinit$$00000033          0x08000202   Section        2  libinit2.o(.ARM.Collect$$libinit$$00000033)
    .ARM.Collect$$libshutdown$$00000000      0x08000204   Section        2  libshutdown.o(.ARM.Collect$$libshutdown$$00000000)
    .ARM.Collect$$libshutdown$$00000002      0x08000206   Section        0  libshutdown2.o(.ARM.Collect$$libshutdown$$00000002)
    .ARM.Collect$$libshutdown$$00000004      0x08000206   Section        0  libshutdown2.o(.ARM.Collect$$libshutdown$$00000004)
    .ARM.Collect$$libshutdown$$00000007      0x08000206   Section        0  libshutdown2.o(.ARM.Collect$$libshutdown$$00000007)
    .ARM.Collect$$libshutdown$$0000000A      0x08000206   Section        0  libshutdown2.o(.ARM.Collect$$libshutdown$$0000000A)
    .ARM.Collect$$libshutdown$$0000000C      0x08000206   Section        0  libshutdown2.o(.ARM.Collect$$libshutdown$$0000000C)
    .ARM.Collect$$libshutdown$$0000000F      0x08000206   Section        0  libshutdown2.o(.ARM.Collect$$libshutdown$$0000000F)
    .ARM.Collect$$libshutdown$$00000010      0x08000206   Section        2  libshutdown2.o(.ARM.Collect$$libshutdown$$00000010)
    .ARM.Collect$$rtentry$$00000000          0x08000208   Section        0  __rtentry.o(.ARM.Collect$$rtentry$$00000000)
    .ARM.Collect$$rtentry$$00000002          0x08000208   Section        0  __rtentry2.o(.ARM.Collect$$rtentry$$00000002)
    .ARM.Collect$$rtentry$$00000004          0x08000208   Section        6  __rtentry4.o(.ARM.Collect$$rtentry$$00000004)
    .ARM.Collect$$rtentry$$00000009          0x0800020e   Section        0  __rtentry2.o(.ARM.Collect$$rtentry$$00000009)
    .ARM.Collect$$rtentry$$0000000A          0x0800020e   Section        4  __rtentry2.o(.ARM.Collect$$rtentry$$0000000A)
    .ARM.Collect$$rtentry$$0000000C          0x08000212   Section        0  __rtentry2.o(.ARM.Collect$$rtentry$$0000000C)
    .ARM.Collect$$rtentry$$0000000D          0x08000212   Section        8  __rtentry2.o(.ARM.Collect$$rtentry$$0000000D)
    .ARM.Collect$$rtexit$$00000000           0x0800021a   Section        2  rtexit.o(.ARM.Collect$$rtexit$$00000000)
    .ARM.Collect$$rtexit$$00000002           0x0800021c   Section        0  rtexit2.o(.ARM.Collect$$rtexit$$00000002)
    .ARM.Collect$$rtexit$$00000003           0x0800021c   Section        4  rtexit2.o(.ARM.Collect$$rtexit$$00000003)
    .ARM.Collect$$rtexit$$00000004           0x08000220   Section        6  rtexit2.o(.ARM.Collect$$rtexit$$00000004)
    .emb_text                                0x08000228   Section      182  port.o(.emb_text)
    $v0                                      0x08000228   Number         0  port.o(.emb_text)
    .text                                    0x080002e0   Section       64  startup_stm32f40_41xxx.o(.text)
    $v0                                      0x080002e0   Number         0  startup_stm32f40_41xxx.o(.text)
    .text                                    0x08000320   Section      138  rt_memcpy_v6.o(.text)
    .text                                    0x080003aa   Section       16  aeabi_memset.o(.text)
    .text                                    0x080003ba   Section        0  heapauxi.o(.text)
    .text                                    0x080003c0   Section      100  rt_memcpy_w.o(.text)
    .text                                    0x08000424   Section       68  rt_memclr.o(.text)
    .text                                    0x08000468   Section       78  rt_memclr_w.o(.text)
    .text                                    0x080004b6   Section       74  sys_stackheap_outer.o(.text)
    .text                                    0x08000500   Section        0  exit.o(.text)
    .text                                    0x08000514   Section        8  libspace.o(.text)
    .text                                    0x0800051c   Section        0  sys_exit.o(.text)
    .text                                    0x08000528   Section        2  use_no_semi.o(.text)
    .text                                    0x0800052a   Section        0  indicate_semi.o(.text)
    i.GPIO_Init                              0x0800052a   Section        0  stm32f4xx_gpio.o(i.GPIO_Init)
    i.GPIO_PinAFConfig                       0x080005ba   Section        0  stm32f4xx_gpio.o(i.GPIO_PinAFConfig)
    i.GPIO_StructInit                        0x08000600   Section        0  stm32f4xx_gpio.o(i.GPIO_StructInit)
    i.GPIO_ToggleBits                        0x08000612   Section        0  stm32f4xx_gpio.o(i.GPIO_ToggleBits)
    i.GPIO_WriteBit                          0x0800061a   Section        0  stm32f4xx_gpio.o(i.GPIO_WriteBit)
    i.NVIC_Init                              0x08000624   Section        0  misc.o(i.NVIC_Init)
    i.NVIC_PriorityGroupConfig               0x0800069c   Section        0  misc.o(i.NVIC_PriorityGroupConfig)
    i.RCC_AHB1PeriphClockCmd                 0x080006b0   Section        0  stm32f4xx_rcc.o(i.RCC_AHB1PeriphClockCmd)
    i.RCC_APB1PeriphClockCmd                 0x080006d0   Section        0  stm32f4xx_rcc.o(i.RCC_APB1PeriphClockCmd)
    i.RCC_APB2PeriphClockCmd                 0x080006f0   Section        0  stm32f4xx_rcc.o(i.RCC_APB2PeriphClockCmd)
    i.RCC_GetClocksFreq                      0x08000710   Section        0  stm32f4xx_rcc.o(i.RCC_GetClocksFreq)
    i.SetSysClock                            0x080007f8   Section        0  system_stm32f4xx.o(i.SetSysClock)
    SetSysClock                              0x080007f9   Thumb Code   220  system_stm32f4xx.o(i.SetSysClock)
    i.SysTick_Handler                        0x080008e4   Section        0  port.o(i.SysTick_Handler)
    i.SystemInit                             0x08000918   Section        0  system_stm32f4xx.o(i.SystemInit)
    i.TIM4_IRQHandler                        0x08000980   Section        0  controlalgorithm.o(i.TIM4_IRQHandler)
    i.TIM_ClearITPendingBit                  0x08000dea   Section        0  stm32f4xx_tim.o(i.TIM_ClearITPendingBit)
    i.TIM_Cmd                                0x08000df0   Section        0  stm32f4xx_tim.o(i.TIM_Cmd)
    i.TIM_GetCounter                         0x08000e08   Section        0  stm32f4xx_tim.o(i.TIM_GetCounter)
    i.TIM_GetITStatus                        0x08000e0e   Section        0  stm32f4xx_tim.o(i.TIM_GetITStatus)
    i.TIM_ITConfig                           0x08000e30   Section        0  stm32f4xx_tim.o(i.TIM_ITConfig)
    i.TIM_OC1Init                            0x08000e44   Section        0  stm32f4xx_tim.o(i.TIM_OC1Init)
    i.TIM_OCStructInit                       0x08000ec0   Section        0  stm32f4xx_tim.o(i.TIM_OCStructInit)
    i.TIM_SetCompare1                        0x08000ed4   Section        0  stm32f4xx_tim.o(i.TIM_SetCompare1)
    i.TIM_SetCompare2                        0x08000ed8   Section        0  stm32f4xx_tim.o(i.TIM_SetCompare2)
    i.TIM_SetCompare3                        0x08000edc   Section        0  stm32f4xx_tim.o(i.TIM_SetCompare3)
    i.TIM_SetCompare4                        0x08000ee0   Section        0  stm32f4xx_tim.o(i.TIM_SetCompare4)
    i.TIM_SetCounter                         0x08000ee4   Section        0  stm32f4xx_tim.o(i.TIM_SetCounter)
    i.TIM_TimeBaseInit                       0x08000ee8   Section        0  stm32f4xx_tim.o(i.TIM_TimeBaseInit)
    i.TimerInit                              0x08000f6c   Section        0  timer.o(i.TimerInit)
    i.USART1_Dequeue                         0x08001034   Section        0  usart.o(i.USART1_Dequeue)
    i.USART1_IRQHandler                      0x080010b0   Section        0  usart.o(i.USART1_IRQHandler)
    i.USART1_Init                            0x08001190   Section        0  usart.o(i.USART1_Init)
    i.USART_ClearITPendingBit                0x08001274   Section        0  stm32f4xx_usart.o(i.USART_ClearITPendingBit)
    i.USART_Cmd                              0x08001292   Section        0  stm32f4xx_usart.o(i.USART_Cmd)
    i.USART_GetITStatus                      0x080012aa   Section        0  stm32f4xx_usart.o(i.USART_GetITStatus)
    i.USART_ITConfig                         0x080012fe   Section        0  stm32f4xx_usart.o(i.USART_ITConfig)
    i.USART_Init                             0x08001348   Section        0  stm32f4xx_usart.o(i.USART_Init)
    i.USART_ReceiveData                      0x0800141c   Section        0  stm32f4xx_usart.o(i.USART_ReceiveData)
    i.absVal                                 0x08001426   Section        0  controlalgorithm.o(i.absVal)
    i.getPulsCnt                             0x08001434   Section        0  controlalgorithm.o(i.getPulsCnt)
    i.gpio_init                              0x08001498   Section        0  gpio.o(i.gpio_init)
    i.main                                   0x080016e0   Section        0  main.o(i.main)
    i.prvAddCurrentTaskToDelayedList         0x08001838   Section        0  tasks.o(i.prvAddCurrentTaskToDelayedList)
    prvAddCurrentTaskToDelayedList           0x08001839   Thumb Code   124  tasks.o(i.prvAddCurrentTaskToDelayedList)
    i.prvAddNewTaskToReadyList               0x080018d0   Section        0  tasks.o(i.prvAddNewTaskToReadyList)
    prvAddNewTaskToReadyList                 0x080018d1   Thumb Code   156  tasks.o(i.prvAddNewTaskToReadyList)
    i.prvCheckForValidListAndQueue           0x08001988   Section        0  timers.o(i.prvCheckForValidListAndQueue)
    prvCheckForValidListAndQueue             0x08001989   Thumb Code    72  timers.o(i.prvCheckForValidListAndQueue)
    i.prvCheckTasksWaitingTermination        0x080019ec   Section        0  tasks.o(i.prvCheckTasksWaitingTermination)
    prvCheckTasksWaitingTermination          0x080019ed   Thumb Code    86  tasks.o(i.prvCheckTasksWaitingTermination)
    i.prvCopyDataFromQueue                   0x08001a50   Section        0  queue.o(i.prvCopyDataFromQueue)
    prvCopyDataFromQueue                     0x08001a51   Thumb Code    42  queue.o(i.prvCopyDataFromQueue)
    i.prvCopyDataToQueue                     0x08001a7a   Section        0  queue.o(i.prvCopyDataToQueue)
    prvCopyDataToQueue                       0x08001a7b   Thumb Code   124  queue.o(i.prvCopyDataToQueue)
    i.prvDeleteTCB                           0x08001af6   Section        0  tasks.o(i.prvDeleteTCB)
    prvDeleteTCB                             0x08001af7   Thumb Code    18  tasks.o(i.prvDeleteTCB)
    i.prvGetNextExpireTime                   0x08001b08   Section        0  timers.o(i.prvGetNextExpireTime)
    prvGetNextExpireTime                     0x08001b09   Thumb Code    36  timers.o(i.prvGetNextExpireTime)
    i.prvHeapInit                            0x08001b30   Section        0  heap_2.o(i.prvHeapInit)
    prvHeapInit                              0x08001b31   Thumb Code    38  heap_2.o(i.prvHeapInit)
    i.prvIdleTask                            0x08001b68   Section        0  tasks.o(i.prvIdleTask)
    prvIdleTask                              0x08001b69   Thumb Code    36  tasks.o(i.prvIdleTask)
    i.prvInitialiseNewQueue                  0x08001b94   Section        0  queue.o(i.prvInitialiseNewQueue)
    prvInitialiseNewQueue                    0x08001b95   Thumb Code    42  queue.o(i.prvInitialiseNewQueue)
    i.prvInitialiseNewTask                   0x08001bbe   Section        0  tasks.o(i.prvInitialiseNewTask)
    prvInitialiseNewTask                     0x08001bbf   Thumb Code   180  tasks.o(i.prvInitialiseNewTask)
    i.prvInitialiseTaskLists                 0x08001c74   Section        0  tasks.o(i.prvInitialiseTaskLists)
    prvInitialiseTaskLists                   0x08001c75   Thumb Code    70  tasks.o(i.prvInitialiseTaskLists)
    i.prvInsertTimerInActiveList             0x08001cdc   Section        0  timers.o(i.prvInsertTimerInActiveList)
    prvInsertTimerInActiveList               0x08001cdd   Thumb Code    80  timers.o(i.prvInsertTimerInActiveList)
    i.prvIsQueueEmpty                        0x08001d34   Section        0  queue.o(i.prvIsQueueEmpty)
    prvIsQueueEmpty                          0x08001d35   Thumb Code    26  queue.o(i.prvIsQueueEmpty)
    i.prvIsQueueFull                         0x08001d4e   Section        0  queue.o(i.prvIsQueueFull)
    prvIsQueueFull                           0x08001d4f   Thumb Code    30  queue.o(i.prvIsQueueFull)
    i.prvProcessExpiredTimer                 0x08001d6c   Section        0  timers.o(i.prvProcessExpiredTimer)
    prvProcessExpiredTimer                   0x08001d6d   Thumb Code    94  timers.o(i.prvProcessExpiredTimer)
    i.prvProcessReceivedCommands             0x08001dd0   Section        0  timers.o(i.prvProcessReceivedCommands)
    prvProcessReceivedCommands               0x08001dd1   Thumb Code   242  timers.o(i.prvProcessReceivedCommands)
    i.prvProcessTimerOrBlockTask             0x08001ec8   Section        0  timers.o(i.prvProcessTimerOrBlockTask)
    prvProcessTimerOrBlockTask               0x08001ec9   Thumb Code   102  timers.o(i.prvProcessTimerOrBlockTask)
    i.prvResetNextTaskUnblockTime            0x08001f3c   Section        0  tasks.o(i.prvResetNextTaskUnblockTime)
    prvResetNextTaskUnblockTime              0x08001f3d   Thumb Code    42  tasks.o(i.prvResetNextTaskUnblockTime)
    i.prvSampleTimeNow                       0x08001f70   Section        0  timers.o(i.prvSampleTimeNow)
    prvSampleTimeNow                         0x08001f71   Thumb Code    40  timers.o(i.prvSampleTimeNow)
    i.prvSwitchTimerLists                    0x08001f9c   Section        0  timers.o(i.prvSwitchTimerLists)
    prvSwitchTimerLists                      0x08001f9d   Thumb Code   150  timers.o(i.prvSwitchTimerLists)
    i.prvTaskExitError                       0x0800203c   Section        0  port.o(i.prvTaskExitError)
    prvTaskExitError                         0x0800203d   Thumb Code    60  port.o(i.prvTaskExitError)
    i.prvTimerTask                           0x0800207c   Section        0  timers.o(i.prvTimerTask)
    prvTimerTask                             0x0800207d   Thumb Code    26  timers.o(i.prvTimerTask)
    i.prvUnlockQueue                         0x08002096   Section        0  queue.o(i.prvUnlockQueue)
    prvUnlockQueue                           0x08002097   Thumb Code   126  queue.o(i.prvUnlockQueue)
    i.pvPortMalloc                           0x08002114   Section        0  heap_2.o(i.pvPortMalloc)
    i.pvTaskIncrementMutexHeldCount          0x080021d8   Section        0  tasks.o(i.pvTaskIncrementMutexHeldCount)
    i.pxPortInitialiseStack                  0x080021f8   Section        0  port.o(i.pxPortInitialiseStack)
    i.sign                                   0x08002224   Section        0  controlalgorithm.o(i.sign)
    i.ulTaskNotifyTake                       0x0800223c   Section        0  tasks.o(i.ulTaskNotifyTake)
    i.uxListRemove                           0x080022b0   Section        0  list.o(i.uxListRemove)
    i.vApplicationIdleHook                   0x080022d8   Section        0  main.o(i.vApplicationIdleHook)
    i.vApplicationMallocFailedHook           0x080022f0   Section        0  main.o(i.vApplicationMallocFailedHook)
    i.vApplicationTickHook                   0x08002308   Section        0  main.o(i.vApplicationTickHook)
    i.vDecodeMsgTask                         0x08002320   Section        0  usart.o(i.vDecodeMsgTask)
    i.vListInitialise                        0x080023d8   Section        0  list.o(i.vListInitialise)
    i.vListInitialiseItem                    0x080023f2   Section        0  list.o(i.vListInitialiseItem)
    i.vListInsert                            0x080023f8   Section        0  list.o(i.vListInsert)
    i.vListInsertEnd                         0x0800242c   Section        0  list.o(i.vListInsertEnd)
    i.vPortEnterCritical                     0x08002444   Section        0  port.o(i.vPortEnterCritical)
    i.vPortExitCritical                      0x08002498   Section        0  port.o(i.vPortExitCritical)
    i.vPortFree                              0x080024d4   Section        0  heap_2.o(i.vPortFree)
    i.vPortSetupTimerInterrupt               0x08002514   Section        0  port.o(i.vPortSetupTimerInterrupt)
    i.vPortValidateInterruptPriority         0x08002524   Section        0  port.o(i.vPortValidateInterruptPriority)
    i.vQueueAddToRegistry                    0x0800259c   Section        0  queue.o(i.vQueueAddToRegistry)
    i.vQueueWaitForMessageRestricted         0x080025c8   Section        0  queue.o(i.vQueueWaitForMessageRestricted)
    i.vTaskDelayUntil                        0x08002614   Section        0  tasks.o(i.vTaskDelayUntil)
    i.vTaskMissedYield                       0x080026e8   Section        0  tasks.o(i.vTaskMissedYield)
    i.vTaskMotorController                   0x080026f4   Section        0  controlalgorithm.o(i.vTaskMotorController)
    i.vTaskNotifyGiveFromISR                 0x080028d4   Section        0  tasks.o(i.vTaskNotifyGiveFromISR)
    i.vTaskPlaceOnEventList                  0x080029c4   Section        0  tasks.o(i.vTaskPlaceOnEventList)
    i.vTaskPlaceOnEventListRestricted        0x080029fc   Section        0  tasks.o(i.vTaskPlaceOnEventListRestricted)
    i.vTaskPriorityInherit                   0x08002a3c   Section        0  tasks.o(i.vTaskPriorityInherit)
    i.vTaskSetTimeOutState                   0x08002aec   Section        0  tasks.o(i.vTaskSetTimeOutState)
    i.vTaskStartScheduler                    0x08002b1c   Section        0  tasks.o(i.vTaskStartScheduler)
    i.vTaskSuspendAll                        0x08002bb0   Section        0  tasks.o(i.vTaskSuspendAll)
    i.vTaskSwitchContext                     0x08002bc0   Section        0  tasks.o(i.vTaskSwitchContext)
    i.xPortStartScheduler                    0x08002c4c   Section        0  port.o(i.xPortStartScheduler)
    i.xQueueGenericCreate                    0x08002d88   Section        0  queue.o(i.xQueueGenericCreate)
    i.xQueueGenericReceive                   0x08002de0   Section        0  queue.o(i.xQueueGenericReceive)
    i.xQueueGenericReset                     0x08002fa4   Section        0  queue.o(i.xQueueGenericReset)
    i.xQueueGenericSend                      0x0800303c   Section        0  queue.o(i.xQueueGenericSend)
    i.xQueueGenericSendFromISR               0x080031e4   Section        0  queue.o(i.xQueueGenericSendFromISR)
    i.xQueueReceiveFromISR                   0x080032dc   Section        0  queue.o(i.xQueueReceiveFromISR)
    i.xTaskCheckForTimeOut                   0x080033a8   Section        0  tasks.o(i.xTaskCheckForTimeOut)
    i.xTaskCreate                            0x08003434   Section        0  tasks.o(i.xTaskCreate)
    i.xTaskGetSchedulerState                 0x08003494   Section        0  tasks.o(i.xTaskGetSchedulerState)
    i.xTaskGetTickCount                      0x080034b4   Section        0  tasks.o(i.xTaskGetTickCount)
    i.xTaskIncrementTick                     0x080034c0   Section        0  tasks.o(i.xTaskIncrementTick)
    i.xTaskPriorityDisinherit                0x08003614   Section        0  tasks.o(i.xTaskPriorityDisinherit)
    i.xTaskRemoveFromEventList               0x080036dc   Section        0  tasks.o(i.xTaskRemoveFromEventList)
    i.xTaskResumeAll                         0x08003774   Section        0  tasks.o(i.xTaskResumeAll)
    i.xTimerCreateTimerTask                  0x08003878   Section        0  timers.o(i.xTimerCreateTimerTask)
    i.xTimerGenericCommand                   0x080038d0   Section        0  timers.o(i.xTimerGenericCommand)
    x$fpl$fpinit                             0x08003954   Section       10  fpinit.o(x$fpl$fpinit)
    $v0                                      0x08003954   Number         0  fpinit.o(x$fpl$fpinit)
    .data                                    0x20000000   Section       32  main.o(.data)
    .data                                    0x20000020   Section       22  usart.o(.data)
    rx_char                                  0x2000002c   Data           4  usart.o(.data)
    rx_head                                  0x20000030   Data           4  usart.o(.data)
    bytesRecieved                            0x20000034   Data           2  usart.o(.data)
    .data                                    0x20000038   Section       44  controlalgorithm.o(.data)
    bitValue                                 0x20000048   Data           1  controlalgorithm.o(.data)
    bitValue2                                0x20000049   Data           1  controlalgorithm.o(.data)
    bitValue3                                0x2000004a   Data           1  controlalgorithm.o(.data)
    bitValue4                                0x2000004b   Data           1  controlalgorithm.o(.data)
    delta                                    0x2000004c   Data           4  controlalgorithm.o(.data)
    delta2                                   0x20000050   Data           4  controlalgorithm.o(.data)
    delta3                                   0x20000054   Data           4  controlalgorithm.o(.data)
    delta4                                   0x20000058   Data           4  controlalgorithm.o(.data)
    direction                                0x2000005c   Data           2  controlalgorithm.o(.data)
    direction2                               0x2000005e   Data           2  controlalgorithm.o(.data)
    direction3                               0x20000060   Data           2  controlalgorithm.o(.data)
    direction4                               0x20000062   Data           2  controlalgorithm.o(.data)
    .data                                    0x20000064   Section       60  tasks.o(.data)
    pxDelayedTaskList                        0x20000068   Data           4  tasks.o(.data)
    pxOverflowDelayedTaskList                0x2000006c   Data           4  tasks.o(.data)
    uxDeletedTasksWaitingCleanUp             0x20000070   Data           4  tasks.o(.data)
    uxCurrentNumberOfTasks                   0x20000074   Data           4  tasks.o(.data)
    xTickCount                               0x20000078   Data           4  tasks.o(.data)
    uxTopReadyPriority                       0x2000007c   Data           4  tasks.o(.data)
    xSchedulerRunning                        0x20000080   Data           4  tasks.o(.data)
    uxPendedTicks                            0x20000084   Data           4  tasks.o(.data)
    xYieldPending                            0x20000088   Data           4  tasks.o(.data)
    xNumOfOverflows                          0x2000008c   Data           4  tasks.o(.data)
    uxTaskNumber                             0x20000090   Data           4  tasks.o(.data)
    xNextTaskUnblockTime                     0x20000094   Data           4  tasks.o(.data)
    xIdleTaskHandle                          0x20000098   Data           4  tasks.o(.data)
    uxSchedulerSuspended                     0x2000009c   Data           4  tasks.o(.data)
    .data                                    0x200000a0   Section       20  timers.o(.data)
    pxCurrentTimerList                       0x200000a0   Data           4  timers.o(.data)
    pxOverflowTimerList                      0x200000a4   Data           4  timers.o(.data)
    xTimerQueue                              0x200000a8   Data           4  timers.o(.data)
    xTimerTaskHandle                         0x200000ac   Data           4  timers.o(.data)
    xLastTime                                0x200000b0   Data           4  timers.o(.data)
    .data                                    0x200000b4   Section       12  port.o(.data)
    uxCriticalNesting                        0x200000b4   Data           4  port.o(.data)
    ucMaxSysCallPriority                     0x200000b8   Data           1  port.o(.data)
    ulMaxPRIGROUPValue                       0x200000bc   Data           4  port.o(.data)
    .data                                    0x200000c0   Section       24  heap_2.o(.data)
    xStart                                   0x200000c0   Data           8  heap_2.o(.data)
    xEnd                                     0x200000c8   Data           8  heap_2.o(.data)
    xFreeBytesRemaining                      0x200000d0   Data           4  heap_2.o(.data)
    xHeapHasBeenInitialised                  0x200000d4   Data           4  heap_2.o(.data)
    .data                                    0x200000d8   Section       16  stm32f4xx_rcc.o(.data)
    APBAHBPrescTable                         0x200000d8   Data          16  stm32f4xx_rcc.o(.data)
    .bss                                     0x200000e8   Section       32  main.o(.bss)
    .bss                                     0x20000108   Section      400  usart.o(.bss)
    .bss                                     0x20000298   Section       64  queue.o(.bss)
    .bss                                     0x200002d8   Section      200  tasks.o(.bss)
    pxReadyTasksLists                        0x200002d8   Data         100  tasks.o(.bss)
    xDelayedTaskList1                        0x2000033c   Data          20  tasks.o(.bss)
    xDelayedTaskList2                        0x20000350   Data          20  tasks.o(.bss)
    xPendingReadyList                        0x20000364   Data          20  tasks.o(.bss)
    xTasksWaitingTermination                 0x20000378   Data          20  tasks.o(.bss)
    xSuspendedTaskList                       0x2000038c   Data          20  tasks.o(.bss)
    .bss                                     0x200003a0   Section       40  timers.o(.bss)
    xActiveTimerList1                        0x200003a0   Data          20  timers.o(.bss)
    xActiveTimerList2                        0x200003b4   Data          20  timers.o(.bss)
    .bss                                     0x200003c8   Section    76800  heap_2.o(.bss)
    ucHeap                                   0x200003c8   Data       76800  heap_2.o(.bss)
    .bss                                     0x20012fc8   Section       96  libspace.o(.bss)
    HEAP                                     0x20013028   Section    16384  startup_stm32f40_41xxx.o(HEAP)
    Heap_Mem                                 0x20013028   Data       16384  startup_stm32f40_41xxx.o(HEAP)
    STACK                                    0x20017028   Section    16384  startup_stm32f40_41xxx.o(STACK)
    Stack_Mem                                0x20017028   Data       16384  startup_stm32f40_41xxx.o(STACK)
    __initial_sp                             0x2001b028   Data           0  startup_stm32f40_41xxx.o(STACK)

    Global Symbols

    Symbol Name                              Value     Ov Type        Size  Object(Section)

    BuildAttributes$$THM_ISAv4$E$P$D$K$B$S$7EM$VFPi3$EXTD16$VFPS$VFMA$PE$A:L22UL41UL21$X:L11$S22US41US21$IEEE1$IW$USESV6$~STKCKD$USESV7$~SHL$OSPACE$ROPI$EBA8$UX$STANDARDLIB$REQ8$PRES8$EABIv2 0x00000000   Number         0  anon$$obj.o ABSOLUTE
    __ARM_use_no_argv                        0x00000000   Number         0  main.o ABSOLUTE
    __ARM_exceptions_init                     - Undefined Weak Reference
    __alloca_initialize                       - Undefined Weak Reference
    __arm_preinit_                            - Undefined Weak Reference
    __cpp_initialize__aeabi_                  - Undefined Weak Reference
    __cxa_finalize                            - Undefined Weak Reference
    __rt_locale                               - Undefined Weak Reference
    __sigvec_lookup                           - Undefined Weak Reference
    _atexit_init                              - Undefined Weak Reference
    _call_atexit_fns                          - Undefined Weak Reference
    _clock_init                               - Undefined Weak Reference
    _fp_trap_init                             - Undefined Weak Reference
    _fp_trap_shutdown                         - Undefined Weak Reference
    _get_lc_collate                           - Undefined Weak Reference
    _get_lc_ctype                             - Undefined Weak Reference
    _get_lc_monetary                          - Undefined Weak Reference
    _get_lc_numeric                           - Undefined Weak Reference
    _get_lc_time                              - Undefined Weak Reference
    _getenv_init                              - Undefined Weak Reference
    _handle_redirection                       - Undefined Weak Reference
    _init_alloc                               - Undefined Weak Reference
    _init_user_alloc                          - Undefined Weak Reference
    _initio                                   - Undefined Weak Reference
    _rand_init                                - Undefined Weak Reference
    _signal_finish                            - Undefined Weak Reference
    _signal_init                              - Undefined Weak Reference
    _terminate_alloc                          - Undefined Weak Reference
    _terminate_user_alloc                     - Undefined Weak Reference
    _terminateio                              - Undefined Weak Reference
    __Vectors_Size                           0x00000188   Number         0  startup_stm32f40_41xxx.o ABSOLUTE
    __Vectors                                0x08000000   Data           4  startup_stm32f40_41xxx.o(RESET)
    __Vectors_End                            0x08000188   Data           0  startup_stm32f40_41xxx.o(RESET)
    __main                                   0x08000189   Thumb Code     8  __main.o(!!!main)
    __scatterload                            0x08000191   Thumb Code     0  __scatter.o(!!!scatter)
    __scatterload_rt2                        0x08000191   Thumb Code    44  __scatter.o(!!!scatter)
    __scatterload_rt2_thumb_only             0x08000191   Thumb Code     0  __scatter.o(!!!scatter)
    __scatterload_null                       0x0800019f   Thumb Code     0  __scatter.o(!!!scatter)
    __scatterload_copy                       0x080001c5   Thumb Code    26  __scatter_copy.o(!!handler_copy)
    __scatterload_zeroinit                   0x080001e1   Thumb Code    28  __scatter_zi.o(!!handler_zi)
    __rt_lib_init                            0x080001fd   Thumb Code     0  libinit.o(.ARM.Collect$$libinit$$00000000)
    __rt_lib_init_fp_1                       0x080001ff   Thumb Code     0  libinit2.o(.ARM.Collect$$libinit$$00000001)
    __rt_lib_init_alloca_1                   0x08000203   Thumb Code     0  libinit2.o(.ARM.Collect$$libinit$$0000002E)
    __rt_lib_init_argv_1                     0x08000203   Thumb Code     0  libinit2.o(.ARM.Collect$$libinit$$0000002C)
    __rt_lib_init_atexit_1                   0x08000203   Thumb Code     0  libinit2.o(.ARM.Collect$$libinit$$0000001B)
    __rt_lib_init_clock_1                    0x08000203   Thumb Code     0  libinit2.o(.ARM.Collect$$libinit$$00000021)
    __rt_lib_init_cpp_1                      0x08000203   Thumb Code     0  libinit2.o(.ARM.Collect$$libinit$$00000032)
    __rt_lib_init_exceptions_1               0x08000203   Thumb Code     0  libinit2.o(.ARM.Collect$$libinit$$00000030)
    __rt_lib_init_fp_trap_1                  0x08000203   Thumb Code     0  libinit2.o(.ARM.Collect$$libinit$$0000001F)
    __rt_lib_init_getenv_1                   0x08000203   Thumb Code     0  libinit2.o(.ARM.Collect$$libinit$$00000023)
    __rt_lib_init_heap_1                     0x08000203   Thumb Code     0  libinit2.o(.ARM.Collect$$libinit$$0000000A)
    __rt_lib_init_lc_collate_1               0x08000203   Thumb Code     0  libinit2.o(.ARM.Collect$$libinit$$00000011)
    __rt_lib_init_lc_ctype_1                 0x08000203   Thumb Code     0  libinit2.o(.ARM.Collect$$libinit$$00000013)
    __rt_lib_init_lc_monetary_1              0x08000203   Thumb Code     0  libinit2.o(.ARM.Collect$$libinit$$00000015)
    __rt_lib_init_lc_numeric_1               0x08000203   Thumb Code     0  libinit2.o(.ARM.Collect$$libinit$$00000017)
    __rt_lib_init_lc_time_1                  0x08000203   Thumb Code     0  libinit2.o(.ARM.Collect$$libinit$$00000019)
    __rt_lib_init_preinit_1                  0x08000203   Thumb Code     0  libinit2.o(.ARM.Collect$$libinit$$00000004)
    __rt_lib_init_rand_1                     0x08000203   Thumb Code     0  libinit2.o(.ARM.Collect$$libinit$$0000000E)
    __rt_lib_init_return                     0x08000203   Thumb Code     0  libinit2.o(.ARM.Collect$$libinit$$00000033)
    __rt_lib_init_signal_1                   0x08000203   Thumb Code     0  libinit2.o(.ARM.Collect$$libinit$$0000001D)
    __rt_lib_init_stdio_1                    0x08000203   Thumb Code     0  libinit2.o(.ARM.Collect$$libinit$$00000025)
    __rt_lib_init_user_alloc_1               0x08000203   Thumb Code     0  libinit2.o(.ARM.Collect$$libinit$$0000000C)
    __rt_lib_shutdown                        0x08000205   Thumb Code     0  libshutdown.o(.ARM.Collect$$libshutdown$$00000000)
    __rt_lib_shutdown_cpp_1                  0x08000207   Thumb Code     0  libshutdown2.o(.ARM.Collect$$libshutdown$$00000002)
    __rt_lib_shutdown_fp_trap_1              0x08000207   Thumb Code     0  libshutdown2.o(.ARM.Collect$$libshutdown$$00000007)
    __rt_lib_shutdown_heap_1                 0x08000207   Thumb Code     0  libshutdown2.o(.ARM.Collect$$libshutdown$$0000000F)
    __rt_lib_shutdown_return                 0x08000207   Thumb Code     0  libshutdown2.o(.ARM.Collect$$libshutdown$$00000010)
    __rt_lib_shutdown_signal_1               0x08000207   Thumb Code     0  libshutdown2.o(.ARM.Collect$$libshutdown$$0000000A)
    __rt_lib_shutdown_stdio_1                0x08000207   Thumb Code     0  libshutdown2.o(.ARM.Collect$$libshutdown$$00000004)
    __rt_lib_shutdown_user_alloc_1           0x08000207   Thumb Code     0  libshutdown2.o(.ARM.Collect$$libshutdown$$0000000C)
    __rt_entry                               0x08000209   Thumb Code     0  __rtentry.o(.ARM.Collect$$rtentry$$00000000)
    __rt_entry_presh_1                       0x08000209   Thumb Code     0  __rtentry2.o(.ARM.Collect$$rtentry$$00000002)
    __rt_entry_sh                            0x08000209   Thumb Code     0  __rtentry4.o(.ARM.Collect$$rtentry$$00000004)
    __rt_entry_li                            0x0800020f   Thumb Code     0  __rtentry2.o(.ARM.Collect$$rtentry$$0000000A)
    __rt_entry_postsh_1                      0x0800020f   Thumb Code     0  __rtentry2.o(.ARM.Collect$$rtentry$$00000009)
    __rt_entry_main                          0x08000213   Thumb Code     0  __rtentry2.o(.ARM.Collect$$rtentry$$0000000D)
    __rt_entry_postli_1                      0x08000213   Thumb Code     0  __rtentry2.o(.ARM.Collect$$rtentry$$0000000C)
    __rt_exit                                0x0800021b   Thumb Code     0  rtexit.o(.ARM.Collect$$rtexit$$00000000)
    __rt_exit_ls                             0x0800021d   Thumb Code     0  rtexit2.o(.ARM.Collect$$rtexit$$00000003)
    __rt_exit_prels_1                        0x0800021d   Thumb Code     0  rtexit2.o(.ARM.Collect$$rtexit$$00000002)
    __rt_exit_exit                           0x08000221   Thumb Code     0  rtexit2.o(.ARM.Collect$$rtexit$$00000004)
    SVC_Handler                              0x08000229   Thumb Code    28  port.o(.emb_text)
    __asm___6_port_c_39a90d8d__prvStartFirstTask 0x08000249   Thumb Code    28  port.o(.emb_text)
    __asm___6_port_c_39a90d8d__prvEnableVFP  0x08000269   Thumb Code    16  port.o(.emb_text)
    PendSV_Handler                           0x0800027d   Thumb Code    88  port.o(.emb_text)
    vPortGetIPSR                             0x080002d9   Thumb Code     6  port.o(.emb_text)
    Reset_Handler                            0x080002e1   Thumb Code     8  startup_stm32f40_41xxx.o(.text)
    NMI_Handler                              0x080002e9   Thumb Code     2  startup_stm32f40_41xxx.o(.text)
    HardFault_Handler                        0x080002eb   Thumb Code     2  startup_stm32f40_41xxx.o(.text)
    MemManage_Handler                        0x080002ed   Thumb Code     2  startup_stm32f40_41xxx.o(.text)
    BusFault_Handler                         0x080002ef   Thumb Code     2  startup_stm32f40_41xxx.o(.text)
    UsageFault_Handler                       0x080002f1   Thumb Code     2  startup_stm32f40_41xxx.o(.text)
    DebugMon_Handler                         0x080002f5   Thumb Code     2  startup_stm32f40_41xxx.o(.text)
    ADC_IRQHandler                           0x080002fb   Thumb Code     0  startup_stm32f40_41xxx.o(.text)
    CAN1_RX0_IRQHandler                      0x080002fb   Thumb Code     0  startup_stm32f40_41xxx.o(.text)
    CAN1_RX1_IRQHandler                      0x080002fb   Thumb Code     0  startup_stm32f40_41xxx.o(.text)
    CAN1_SCE_IRQHandler                      0x080002fb   Thumb Code     0  startup_stm32f40_41xxx.o(.text)
    CAN1_TX_IRQHandler                       0x080002fb   Thumb Code     0  startup_stm32f40_41xxx.o(.text)
    CAN2_RX0_IRQHandler                      0x080002fb   Thumb Code     0  startup_stm32f40_41xxx.o(.text)
    CAN2_RX1_IRQHandler                      0x080002fb   Thumb Code     0  startup_stm32f40_41xxx.o(.text)
    CAN2_SCE_IRQHandler                      0x080002fb   Thumb Code     0  startup_stm32f40_41xxx.o(.text)
    CAN2_TX_IRQHandler                       0x080002fb   Thumb Code     0  startup_stm32f40_41xxx.o(.text)
    CRYP_IRQHandler                          0x080002fb   Thumb Code     0  startup_stm32f40_41xxx.o(.text)
    DCMI_IRQHandler                          0x080002fb   Thumb Code     0  startup_stm32f40_41xxx.o(.text)
    DMA1_Stream0_IRQHandler                  0x080002fb   Thumb Code     0  startup_stm32f40_41xxx.o(.text)
    DMA1_Stream1_IRQHandler                  0x080002fb   Thumb Code     0  startup_stm32f40_41xxx.o(.text)
    DMA1_Stream2_IRQHandler                  0x080002fb   Thumb Code     0  startup_stm32f40_41xxx.o(.text)
    DMA1_Stream3_IRQHandler                  0x080002fb   Thumb Code     0  startup_stm32f40_41xxx.o(.text)
    DMA1_Stream4_IRQHandler                  0x080002fb   Thumb Code     0  startup_stm32f40_41xxx.o(.text)
    DMA1_Stream5_IRQHandler                  0x080002fb   Thumb Code     0  startup_stm32f40_41xxx.o(.text)
    DMA1_Stream6_IRQHandler                  0x080002fb   Thumb Code     0  startup_stm32f40_41xxx.o(.text)
    DMA1_Stream7_IRQHandler                  0x080002fb   Thumb Code     0  startup_stm32f40_41xxx.o(.text)
    DMA2_Stream0_IRQHandler                  0x080002fb   Thumb Code     0  startup_stm32f40_41xxx.o(.text)
    DMA2_Stream1_IRQHandler                  0x080002fb   Thumb Code     0  startup_stm32f40_41xxx.o(.text)
    DMA2_Stream2_IRQHandler                  0x080002fb   Thumb Code     0  startup_stm32f40_41xxx.o(.text)
    DMA2_Stream3_IRQHandler                  0x080002fb   Thumb Code     0  startup_stm32f40_41xxx.o(.text)
    DMA2_Stream4_IRQHandler                  0x080002fb   Thumb Code     0  startup_stm32f40_41xxx.o(.text)
    DMA2_Stream5_IRQHandler                  0x080002fb   Thumb Code     0  startup_stm32f40_41xxx.o(.text)
    DMA2_Stream6_IRQHandler                  0x080002fb   Thumb Code     0  startup_stm32f40_41xxx.o(.text)
    DMA2_Stream7_IRQHandler                  0x080002fb   Thumb Code     0  startup_stm32f40_41xxx.o(.text)
    ETH_IRQHandler                           0x080002fb   Thumb Code     0  startup_stm32f40_41xxx.o(.text)
    ETH_WKUP_IRQHandler                      0x080002fb   Thumb Code     0  startup_stm32f40_41xxx.o(.text)
    EXTI0_IRQHandler                         0x080002fb   Thumb Code     0  startup_stm32f40_41xxx.o(.text)
    EXTI15_10_IRQHandler                     0x080002fb   Thumb Code     0  startup_stm32f40_41xxx.o(.text)
    EXTI1_IRQHandler                         0x080002fb   Thumb Code     0  startup_stm32f40_41xxx.o(.text)
    EXTI2_IRQHandler                         0x080002fb   Thumb Code     0  startup_stm32f40_41xxx.o(.text)
    EXTI3_IRQHandler                         0x080002fb   Thumb Code     0  startup_stm32f40_41xxx.o(.text)
    EXTI4_IRQHandler                         0x080002fb   Thumb Code     0  startup_stm32f40_41xxx.o(.text)
    EXTI9_5_IRQHandler                       0x080002fb   Thumb Code     0  startup_stm32f40_41xxx.o(.text)
    FLASH_IRQHandler                         0x080002fb   Thumb Code     0  startup_stm32f40_41xxx.o(.text)
    FPU_IRQHandler                           0x080002fb   Thumb Code     0  startup_stm32f40_41xxx.o(.text)
    FSMC_IRQHandler                          0x080002fb   Thumb Code     0  startup_stm32f40_41xxx.o(.text)
    HASH_RNG_IRQHandler                      0x080002fb   Thumb Code     0  startup_stm32f40_41xxx.o(.text)
    I2C1_ER_IRQHandler                       0x080002fb   Thumb Code     0  startup_stm32f40_41xxx.o(.text)
    I2C1_EV_IRQHandler                       0x080002fb   Thumb Code     0  startup_stm32f40_41xxx.o(.text)
    I2C2_ER_IRQHandler                       0x080002fb   Thumb Code     0  startup_stm32f40_41xxx.o(.text)
    I2C2_EV_IRQHandler                       0x080002fb   Thumb Code     0  startup_stm32f40_41xxx.o(.text)
    I2C3_ER_IRQHandler                       0x080002fb   Thumb Code     0  startup_stm32f40_41xxx.o(.text)
    I2C3_EV_IRQHandler                       0x080002fb   Thumb Code     0  startup_stm32f40_41xxx.o(.text)
    OTG_FS_IRQHandler                        0x080002fb   Thumb Code     0  startup_stm32f40_41xxx.o(.text)
    OTG_FS_WKUP_IRQHandler                   0x080002fb   Thumb Code     0  startup_stm32f40_41xxx.o(.text)
    OTG_HS_EP1_IN_IRQHandler                 0x080002fb   Thumb Code     0  startup_stm32f40_41xxx.o(.text)
    OTG_HS_EP1_OUT_IRQHandler                0x080002fb   Thumb Code     0  startup_stm32f40_41xxx.o(.text)
    OTG_HS_IRQHandler                        0x080002fb   Thumb Code     0  startup_stm32f40_41xxx.o(.text)
    OTG_HS_WKUP_IRQHandler                   0x080002fb   Thumb Code     0  startup_stm32f40_41xxx.o(.text)
    PVD_IRQHandler                           0x080002fb   Thumb Code     0  startup_stm32f40_41xxx.o(.text)
    RCC_IRQHandler                           0x080002fb   Thumb Code     0  startup_stm32f40_41xxx.o(.text)
    RTC_Alarm_IRQHandler                     0x080002fb   Thumb Code     0  startup_stm32f40_41xxx.o(.text)
    RTC_WKUP_IRQHandler                      0x080002fb   Thumb Code     0  startup_stm32f40_41xxx.o(.text)
    SDIO_IRQHandler                          0x080002fb   Thumb Code     0  startup_stm32f40_41xxx.o(.text)
    SPI1_IRQHandler                          0x080002fb   Thumb Code     0  startup_stm32f40_41xxx.o(.text)
    SPI2_IRQHandler                          0x080002fb   Thumb Code     0  startup_stm32f40_41xxx.o(.text)
    SPI3_IRQHandler                          0x080002fb   Thumb Code     0  startup_stm32f40_41xxx.o(.text)
    TAMP_STAMP_IRQHandler                    0x080002fb   Thumb Code     0  startup_stm32f40_41xxx.o(.text)
    TIM1_BRK_TIM9_IRQHandler                 0x080002fb   Thumb Code     0  startup_stm32f40_41xxx.o(.text)
    TIM1_CC_IRQHandler                       0x080002fb   Thumb Code     0  startup_stm32f40_41xxx.o(.text)
    TIM1_TRG_COM_TIM11_IRQHandler            0x080002fb   Thumb Code     0  startup_stm32f40_41xxx.o(.text)
    TIM1_UP_TIM10_IRQHandler                 0x080002fb   Thumb Code     0  startup_stm32f40_41xxx.o(.text)
    TIM2_IRQHandler                          0x080002fb   Thumb Code     0  startup_stm32f40_41xxx.o(.text)
    TIM3_IRQHandler                          0x080002fb   Thumb Code     0  startup_stm32f40_41xxx.o(.text)
    TIM5_IRQHandler                          0x080002fb   Thumb Code     0  startup_stm32f40_41xxx.o(.text)
    TIM6_DAC_IRQHandler                      0x080002fb   Thumb Code     0  startup_stm32f40_41xxx.o(.text)
    TIM7_IRQHandler                          0x080002fb   Thumb Code     0  startup_stm32f40_41xxx.o(.text)
    TIM8_BRK_TIM12_IRQHandler                0x080002fb   Thumb Code     0  startup_stm32f40_41xxx.o(.text)
    TIM8_CC_IRQHandler                       0x080002fb   Thumb Code     0  startup_stm32f40_41xxx.o(.text)
    TIM8_TRG_COM_TIM14_IRQHandler            0x080002fb   Thumb Code     0  startup_stm32f40_41xxx.o(.text)
    TIM8_UP_TIM13_IRQHandler                 0x080002fb   Thumb Code     0  startup_stm32f40_41xxx.o(.text)
    UART4_IRQHandler                         0x080002fb   Thumb Code     0  startup_stm32f40_41xxx.o(.text)
    UART5_IRQHandler                         0x080002fb   Thumb Code     0  startup_stm32f40_41xxx.o(.text)
    USART2_IRQHandler                        0x080002fb   Thumb Code     0  startup_stm32f40_41xxx.o(.text)
    USART3_IRQHandler                        0x080002fb   Thumb Code     0  startup_stm32f40_41xxx.o(.text)
    USART6_IRQHandler                        0x080002fb   Thumb Code     0  startup_stm32f40_41xxx.o(.text)
    WWDG_IRQHandler                          0x080002fb   Thumb Code     0  startup_stm32f40_41xxx.o(.text)
    __user_initial_stackheap                 0x080002fd   Thumb Code     0  startup_stm32f40_41xxx.o(.text)
    __aeabi_memcpy                           0x08000321   Thumb Code     0  rt_memcpy_v6.o(.text)
    __rt_memcpy                              0x08000321   Thumb Code   138  rt_memcpy_v6.o(.text)
    _memcpy_lastbytes                        0x08000387   Thumb Code     0  rt_memcpy_v6.o(.text)
    __aeabi_memset                           0x080003ab   Thumb Code    16  aeabi_memset.o(.text)
    __use_two_region_memory                  0x080003bb   Thumb Code     2  heapauxi.o(.text)
    __rt_heap_escrow$2region                 0x080003bd   Thumb Code     2  heapauxi.o(.text)
    __rt_heap_expand$2region                 0x080003bf   Thumb Code     2  heapauxi.o(.text)
    __aeabi_memcpy4                          0x080003c1   Thumb Code     0  rt_memcpy_w.o(.text)
    __aeabi_memcpy8                          0x080003c1   Thumb Code     0  rt_memcpy_w.o(.text)
    __rt_memcpy_w                            0x080003c1   Thumb Code   100  rt_memcpy_w.o(.text)
    _memcpy_lastbytes_aligned                0x08000409   Thumb Code     0  rt_memcpy_w.o(.text)
    __aeabi_memclr                           0x08000425   Thumb Code     0  rt_memclr.o(.text)
    __rt_memclr                              0x08000425   Thumb Code    68  rt_memclr.o(.text)
    _memset                                  0x08000429   Thumb Code     0  rt_memclr.o(.text)
    __aeabi_memclr4                          0x08000469   Thumb Code     0  rt_memclr_w.o(.text)
    __aeabi_memclr8                          0x08000469   Thumb Code     0  rt_memclr_w.o(.text)
    __rt_memclr_w                            0x08000469   Thumb Code    78  rt_memclr_w.o(.text)
    _memset_w                                0x0800046d   Thumb Code     0  rt_memclr_w.o(.text)
    __user_setup_stackheap                   0x080004b7   Thumb Code    74  sys_stackheap_outer.o(.text)
    exit                                     0x08000501   Thumb Code    18  exit.o(.text)
    __user_libspace                          0x08000515   Thumb Code     8  libspace.o(.text)
    __user_perproc_libspace                  0x08000515   Thumb Code     0  libspace.o(.text)
    __user_perthread_libspace                0x08000515   Thumb Code     0  libspace.o(.text)
    _sys_exit                                0x0800051d   Thumb Code     8  sys_exit.o(.text)
    __I$use$semihosting                      0x08000529   Thumb Code     0  use_no_semi.o(.text)
    __use_no_semihosting_swi                 0x08000529   Thumb Code     2  use_no_semi.o(.text)
    GPIO_Init                                0x0800052b   Thumb Code   144  stm32f4xx_gpio.o(i.GPIO_Init)
    __semihosting_library_function           0x0800052b   Thumb Code     0  indicate_semi.o(.text)
    GPIO_PinAFConfig                         0x080005bb   Thumb Code    70  stm32f4xx_gpio.o(i.GPIO_PinAFConfig)
    GPIO_StructInit                          0x08000601   Thumb Code    18  stm32f4xx_gpio.o(i.GPIO_StructInit)
    GPIO_ToggleBits                          0x08000613   Thumb Code     8  stm32f4xx_gpio.o(i.GPIO_ToggleBits)
    GPIO_WriteBit                            0x0800061b   Thumb Code    10  stm32f4xx_gpio.o(i.GPIO_WriteBit)
    NVIC_Init                                0x08000625   Thumb Code   106  misc.o(i.NVIC_Init)
    NVIC_PriorityGroupConfig                 0x0800069d   Thumb Code    10  misc.o(i.NVIC_PriorityGroupConfig)
    RCC_AHB1PeriphClockCmd                   0x080006b1   Thumb Code    26  stm32f4xx_rcc.o(i.RCC_AHB1PeriphClockCmd)
    RCC_APB1PeriphClockCmd                   0x080006d1   Thumb Code    26  stm32f4xx_rcc.o(i.RCC_APB1PeriphClockCmd)
    RCC_APB2PeriphClockCmd                   0x080006f1   Thumb Code    26  stm32f4xx_rcc.o(i.RCC_APB2PeriphClockCmd)
    RCC_GetClocksFreq                        0x08000711   Thumb Code   214  stm32f4xx_rcc.o(i.RCC_GetClocksFreq)
    SysTick_Handler                          0x080008e5   Thumb Code    46  port.o(i.SysTick_Handler)
    SystemInit                               0x08000919   Thumb Code    88  system_stm32f4xx.o(i.SystemInit)
    TIM4_IRQHandler                          0x08000981   Thumb Code  1130  controlalgorithm.o(i.TIM4_IRQHandler)
    TIM_ClearITPendingBit                    0x08000deb   Thumb Code     6  stm32f4xx_tim.o(i.TIM_ClearITPendingBit)
    TIM_Cmd                                  0x08000df1   Thumb Code    24  stm32f4xx_tim.o(i.TIM_Cmd)
    TIM_GetCounter                           0x08000e09   Thumb Code     6  stm32f4xx_tim.o(i.TIM_GetCounter)
    TIM_GetITStatus                          0x08000e0f   Thumb Code    34  stm32f4xx_tim.o(i.TIM_GetITStatus)
    TIM_ITConfig                             0x08000e31   Thumb Code    18  stm32f4xx_tim.o(i.TIM_ITConfig)
    TIM_OC1Init                              0x08000e45   Thumb Code   114  stm32f4xx_tim.o(i.TIM_OC1Init)
    TIM_OCStructInit                         0x08000ec1   Thumb Code    20  stm32f4xx_tim.o(i.TIM_OCStructInit)
    TIM_SetCompare1                          0x08000ed5   Thumb Code     4  stm32f4xx_tim.o(i.TIM_SetCompare1)
    TIM_SetCompare2                          0x08000ed9   Thumb Code     4  stm32f4xx_tim.o(i.TIM_SetCompare2)
    TIM_SetCompare3                          0x08000edd   Thumb Code     4  stm32f4xx_tim.o(i.TIM_SetCompare3)
    TIM_SetCompare4                          0x08000ee1   Thumb Code     4  stm32f4xx_tim.o(i.TIM_SetCompare4)
    TIM_SetCounter                           0x08000ee5   Thumb Code     4  stm32f4xx_tim.o(i.TIM_SetCounter)
    TIM_TimeBaseInit                         0x08000ee9   Thumb Code   104  stm32f4xx_tim.o(i.TIM_TimeBaseInit)
    TimerInit                                0x08000f6d   Thumb Code   196  timer.o(i.TimerInit)
    USART1_Dequeue                           0x08001035   Thumb Code   106  usart.o(i.USART1_Dequeue)
    USART1_IRQHandler                        0x080010b1   Thumb Code   182  usart.o(i.USART1_IRQHandler)
    USART1_Init                              0x08001191   Thumb Code   206  usart.o(i.USART1_Init)
    USART_ClearITPendingBit                  0x08001275   Thumb Code    30  stm32f4xx_usart.o(i.USART_ClearITPendingBit)
    USART_Cmd                                0x08001293   Thumb Code    24  stm32f4xx_usart.o(i.USART_Cmd)
    USART_GetITStatus                        0x080012ab   Thumb Code    84  stm32f4xx_usart.o(i.USART_GetITStatus)
    USART_ITConfig                           0x080012ff   Thumb Code    74  stm32f4xx_usart.o(i.USART_ITConfig)
    USART_Init                               0x08001349   Thumb Code   204  stm32f4xx_usart.o(i.USART_Init)
    USART_ReceiveData                        0x0800141d   Thumb Code    10  stm32f4xx_usart.o(i.USART_ReceiveData)
    absVal                                   0x08001427   Thumb Code    14  controlalgorithm.o(i.absVal)
    getPulsCnt                               0x08001435   Thumb Code    78  controlalgorithm.o(i.getPulsCnt)
    gpio_init                                0x08001499   Thumb Code   568  gpio.o(i.gpio_init)
    main                                     0x080016e1   Thumb Code   256  main.o(i.main)
    pvPortMalloc                             0x08002115   Thumb Code   174  heap_2.o(i.pvPortMalloc)
    pvTaskIncrementMutexHeldCount            0x080021d9   Thumb Code    26  tasks.o(i.pvTaskIncrementMutexHeldCount)
    pxPortInitialiseStack                    0x080021f9   Thumb Code    38  port.o(i.pxPortInitialiseStack)
    sign                                     0x08002225   Thumb Code    24  controlalgorithm.o(i.sign)
    ulTaskNotifyTake                         0x0800223d   Thumb Code   108  tasks.o(i.ulTaskNotifyTake)
    uxListRemove                             0x080022b1   Thumb Code    40  list.o(i.uxListRemove)
    vApplicationIdleHook                     0x080022d9   Thumb Code    20  main.o(i.vApplicationIdleHook)
    vApplicationMallocFailedHook             0x080022f1   Thumb Code    22  main.o(i.vApplicationMallocFailedHook)
    vApplicationTickHook                     0x08002309   Thumb Code    20  main.o(i.vApplicationTickHook)
    vDecodeMsgTask                           0x08002321   Thumb Code   174  usart.o(i.vDecodeMsgTask)
    vListInitialise                          0x080023d9   Thumb Code    26  list.o(i.vListInitialise)
    vListInitialiseItem                      0x080023f3   Thumb Code     6  list.o(i.vListInitialiseItem)
    vListInsert                              0x080023f9   Thumb Code    52  list.o(i.vListInsert)
    vListInsertEnd                           0x0800242d   Thumb Code    24  list.o(i.vListInsertEnd)
    vPortEnterCritical                       0x08002445   Thumb Code    76  port.o(i.vPortEnterCritical)
    vPortExitCritical                        0x08002499   Thumb Code    56  port.o(i.vPortExitCritical)
    vPortFree                                0x080024d5   Thumb Code    56  heap_2.o(i.vPortFree)
    vPortSetupTimerInterrupt                 0x08002515   Thumb Code    16  port.o(i.vPortSetupTimerInterrupt)
    vPortValidateInterruptPriority           0x08002525   Thumb Code   106  port.o(i.vPortValidateInterruptPriority)
    vQueueAddToRegistry                      0x0800259d   Thumb Code    38  queue.o(i.vQueueAddToRegistry)
    vQueueWaitForMessageRestricted           0x080025c9   Thumb Code    74  queue.o(i.vQueueWaitForMessageRestricted)
    vTaskDelayUntil                          0x08002615   Thumb Code   200  tasks.o(i.vTaskDelayUntil)
    vTaskMissedYield                         0x080026e9   Thumb Code     8  tasks.o(i.vTaskMissedYield)
    vTaskMotorController                     0x080026f5   Thumb Code   464  controlalgorithm.o(i.vTaskMotorController)
    vTaskNotifyGiveFromISR                   0x080028d5   Thumb Code   216  tasks.o(i.vTaskNotifyGiveFromISR)
    vTaskPlaceOnEventList                    0x080029c5   Thumb Code    52  tasks.o(i.vTaskPlaceOnEventList)
    vTaskPlaceOnEventListRestricted          0x080029fd   Thumb Code    60  tasks.o(i.vTaskPlaceOnEventListRestricted)
    vTaskPriorityInherit                     0x08002a3d   Thumb Code   164  tasks.o(i.vTaskPriorityInherit)
    vTaskSetTimeOutState                     0x08002aed   Thumb Code    38  tasks.o(i.vTaskSetTimeOutState)
    vTaskStartScheduler                      0x08002b1d   Thumb Code   118  tasks.o(i.vTaskStartScheduler)
    vTaskSuspendAll                          0x08002bb1   Thumb Code    12  tasks.o(i.vTaskSuspendAll)
    vTaskSwitchContext                       0x08002bc1   Thumb Code   118  tasks.o(i.vTaskSwitchContext)
    xPortStartScheduler                      0x08002c4d   Thumb Code   288  port.o(i.xPortStartScheduler)
    xQueueGenericCreate                      0x08002d89   Thumb Code    88  queue.o(i.xQueueGenericCreate)
    xQueueGenericReceive                     0x08002de1   Thumb Code   446  queue.o(i.xQueueGenericReceive)
    xQueueGenericReset                       0x08002fa5   Thumb Code   146  queue.o(i.xQueueGenericReset)
    xQueueGenericSend                        0x0800303d   Thumb Code   420  queue.o(i.xQueueGenericSend)
    xQueueGenericSendFromISR                 0x080031e5   Thumb Code   248  queue.o(i.xQueueGenericSendFromISR)
    xQueueReceiveFromISR                     0x080032dd   Thumb Code   202  queue.o(i.xQueueReceiveFromISR)
    xTaskCheckForTimeOut                     0x080033a9   Thumb Code   132  tasks.o(i.xTaskCheckForTimeOut)
    xTaskCreate                              0x08003435   Thumb Code    96  tasks.o(i.xTaskCreate)
    xTaskGetSchedulerState                   0x08003495   Thumb Code    24  tasks.o(i.xTaskGetSchedulerState)
    xTaskGetTickCount                        0x080034b5   Thumb Code     6  tasks.o(i.xTaskGetTickCount)
    xTaskIncrementTick                       0x080034c1   Thumb Code   296  tasks.o(i.xTaskIncrementTick)
    xTaskPriorityDisinherit                  0x08003615   Thumb Code   188  tasks.o(i.xTaskPriorityDisinherit)
    xTaskRemoveFromEventList                 0x080036dd   Thumb Code   128  tasks.o(i.xTaskRemoveFromEventList)
    xTaskResumeAll                           0x08003775   Thumb Code   224  tasks.o(i.xTaskResumeAll)
    xTimerCreateTimerTask                    0x08003879   Thumb Code    66  timers.o(i.xTimerCreateTimerTask)
    xTimerGenericCommand                     0x080038d1   Thumb Code   126  timers.o(i.xTimerGenericCommand)
    _fp_init                                 0x08003955   Thumb Code    10  fpinit.o(x$fpl$fpinit)
    __fplib_config_fpu_vfp                   0x0800395d   Thumb Code     0  fpinit.o(x$fpl$fpinit)
    __fplib_config_pureend_doubles           0x0800395d   Thumb Code     0  fpinit.o(x$fpl$fpinit)
    Region$$Table$$Base                      0x08003960   Number         0  anon$$obj.o(Region$$Table)
    Region$$Table$$Limit                     0x08003980   Number         0  anon$$obj.o(Region$$Table)
    u64Ticks                                 0x20000000   Data           8  main.o(.data)
    u64IdleTicks                             0x20000008   Data           8  main.o(.data)
    u64IdleTicksCnt                          0x20000010   Data           8  main.o(.data)
    xDecodeMsgTaskHandle                     0x20000018   Data           4  main.o(.data)
    xQueueMotorSetup                         0x2000001c   Data           4  main.o(.data)
    RX_BUFFER_HEAD                           0x20000020   Data           4  usart.o(.data)
    RX_BUFFER_TAIL                           0x20000024   Data           4  usart.o(.data)
    TxReady                                  0x20000028   Data           1  usart.o(.data)
    pulsCnt1                                 0x20000038   Data           4  controlalgorithm.o(.data)
    pulsCnt2                                 0x2000003c   Data           4  controlalgorithm.o(.data)
    pulsCnt3                                 0x20000040   Data           4  controlalgorithm.o(.data)
    pulsCnt4                                 0x20000044   Data           4  controlalgorithm.o(.data)
    pxCurrentTCB                             0x20000064   Data           4  tasks.o(.data)
    xQueueMotorISR                           0x200000e8   Data          16  main.o(.bss)
    xQueueMotorSetpoint                      0x200000f8   Data          16  main.o(.bss)
    RX_BUFFER                                0x20000108   Data         400  usart.o(.bss)
    xQueueRegistry                           0x20000298   Data          64  queue.o(.bss)
    __libspace_start                         0x20012fc8   Data          96  libspace.o(.bss)
    __temporary_stack_top$libspace           0x20013028   Data           0  libspace.o(.bss)



==============================================================================

Memory Map of the image

  Image Entry point : 0x080002e1

  Load Region LR_1 (Base: 0x08000000, Size: 0x00003a68, Max: 0xffffffff, ABSOLUTE)

    Execution Region ER_RO (Base: 0x08000000, Size: 0x00003980, Max: 0xffffffff, ABSOLUTE)

    Base Addr    Size         Type   Attr      Idx    E Section Name        Object

    0x08000000   0x00000188   Data   RO          147    RESET               startup_stm32f40_41xxx.o
    0x08000188   0x00000008   Code   RO         2640  * !!!main             c_w.l(__main.o)
    0x08000190   0x00000034   Code   RO         2803    !!!scatter          c_w.l(__scatter.o)
    0x080001c4   0x0000001a   Code   RO         2805    !!handler_copy      c_w.l(__scatter_copy.o)
    0x080001de   0x00000002   PAD
    0x080001e0   0x0000001c   Code   RO         2807    !!handler_zi        c_w.l(__scatter_zi.o)
    0x080001fc   0x00000002   Code   RO         2673    .ARM.Collect$$libinit$$00000000  c_w.l(libinit.o)
    0x080001fe   0x00000004   Code   RO         2679    .ARM.Collect$$libinit$$00000001  c_w.l(libinit2.o)
    0x08000202   0x00000000   Code   RO         2682    .ARM.Collect$$libinit$$00000004  c_w.l(libinit2.o)
    0x08000202   0x00000000   Code   RO         2685    .ARM.Collect$$libinit$$0000000A  c_w.l(libinit2.o)
    0x08000202   0x00000000   Code   RO         2687    .ARM.Collect$$libinit$$0000000C  c_w.l(libinit2.o)
    0x08000202   0x00000000   Code   RO         2689    .ARM.Collect$$libinit$$0000000E  c_w.l(libinit2.o)
    0x08000202   0x00000000   Code   RO         2692    .ARM.Collect$$libinit$$00000011  c_w.l(libinit2.o)
    0x08000202   0x00000000   Code   RO         2694    .ARM.Collect$$libinit$$00000013  c_w.l(libinit2.o)
    0x08000202   0x00000000   Code   RO         2696    .ARM.Collect$$libinit$$00000015  c_w.l(libinit2.o)
    0x08000202   0x00000000   Code   RO         2698    .ARM.Collect$$libinit$$00000017  c_w.l(libinit2.o)
    0x08000202   0x00000000   Code   RO         2700    .ARM.Collect$$libinit$$00000019  c_w.l(libinit2.o)
    0x08000202   0x00000000   Code   RO         2702    .ARM.Collect$$libinit$$0000001B  c_w.l(libinit2.o)
    0x08000202   0x00000000   Code   RO         2704    .ARM.Collect$$libinit$$0000001D  c_w.l(libinit2.o)
    0x08000202   0x00000000   Code   RO         2706    .ARM.Collect$$libinit$$0000001F  c_w.l(libinit2.o)
    0x08000202   0x00000000   Code   RO         2708    .ARM.Collect$$libinit$$00000021  c_w.l(libinit2.o)
    0x08000202   0x00000000   Code   RO         2710    .ARM.Collect$$libinit$$00000023  c_w.l(libinit2.o)
    0x08000202   0x00000000   Code   RO         2712    .ARM.Collect$$libinit$$00000025  c_w.l(libinit2.o)
    0x08000202   0x00000000   Code   RO         2716    .ARM.Collect$$libinit$$0000002C  c_w.l(libinit2.o)
    0x08000202   0x00000000   Code   RO         2718    .ARM.Collect$$libinit$$0000002E  c_w.l(libinit2.o)
    0x08000202   0x00000000   Code   RO         2720    .ARM.Collect$$libinit$$00000030  c_w.l(libinit2.o)
    0x08000202   0x00000000   Code   RO         2722    .ARM.Collect$$libinit$$00000032  c_w.l(libinit2.o)
    0x08000202   0x00000002   Code   RO         2723    .ARM.Collect$$libinit$$00000033  c_w.l(libinit2.o)
    0x08000204   0x00000002   Code   RO         2743    .ARM.Collect$$libshutdown$$00000000  c_w.l(libshutdown.o)
    0x08000206   0x00000000   Code   RO         2756    .ARM.Collect$$libshutdown$$00000002  c_w.l(libshutdown2.o)
    0x08000206   0x00000000   Code   RO         2758    .ARM.Collect$$libshutdown$$00000004  c_w.l(libshutdown2.o)
    0x08000206   0x00000000   Code   RO         2761    .ARM.Collect$$libshutdown$$00000007  c_w.l(libshutdown2.o)
    0x08000206   0x00000000   Code   RO         2764    .ARM.Collect$$libshutdown$$0000000A  c_w.l(libshutdown2.o)
    0x08000206   0x00000000   Code   RO         2766    .ARM.Collect$$libshutdown$$0000000C  c_w.l(libshutdown2.o)
    0x08000206   0x00000000   Code   RO         2769    .ARM.Collect$$libshutdown$$0000000F  c_w.l(libshutdown2.o)
    0x08000206   0x00000002   Code   RO         2770    .ARM.Collect$$libshutdown$$00000010  c_w.l(libshutdown2.o)
    0x08000208   0x00000000   Code   RO         2642    .ARM.Collect$$rtentry$$00000000  c_w.l(__rtentry.o)
    0x08000208   0x00000000   Code   RO         2648    .ARM.Collect$$rtentry$$00000002  c_w.l(__rtentry2.o)
    0x08000208   0x00000006   Code   RO         2660    .ARM.Collect$$rtentry$$00000004  c_w.l(__rtentry4.o)
    0x0800020e   0x00000000   Code   RO         2650    .ARM.Collect$$rtentry$$00000009  c_w.l(__rtentry2.o)
    0x0800020e   0x00000004   Code   RO         2651    .ARM.Collect$$rtentry$$0000000A  c_w.l(__rtentry2.o)
    0x08000212   0x00000000   Code   RO         2653    .ARM.Collect$$rtentry$$0000000C  c_w.l(__rtentry2.o)
    0x08000212   0x00000008   Code   RO         2654    .ARM.Collect$$rtentry$$0000000D  c_w.l(__rtentry2.o)
    0x0800021a   0x00000002   Code   RO         2677    .ARM.Collect$$rtexit$$00000000  c_w.l(rtexit.o)
    0x0800021c   0x00000000   Code   RO         2725    .ARM.Collect$$rtexit$$00000002  c_w.l(rtexit2.o)
    0x0800021c   0x00000004   Code   RO         2726    .ARM.Collect$$rtexit$$00000003  c_w.l(rtexit2.o)
    0x08000220   0x00000006   Code   RO         2727    .ARM.Collect$$rtexit$$00000004  c_w.l(rtexit2.o)
    0x08000226   0x00000002   PAD
    0x08000228   0x000000b6   Code   RO         1170    .emb_text           port.o
    0x080002de   0x00000002   PAD
    0x080002e0   0x00000040   Code   RO          148  * .text               startup_stm32f40_41xxx.o
    0x08000320   0x0000008a   Code   RO         2634    .text               c_w.l(rt_memcpy_v6.o)
    0x080003aa   0x00000010   Code   RO         2636    .text               c_w.l(aeabi_memset.o)
    0x080003ba   0x00000006   Code   RO         2638    .text               c_w.l(heapauxi.o)
    0x080003c0   0x00000064   Code   RO         2643    .text               c_w.l(rt_memcpy_w.o)
    0x08000424   0x00000044   Code   RO         2645    .text               c_w.l(rt_memclr.o)
    0x08000468   0x0000004e   Code   RO         2662    .text               c_w.l(rt_memclr_w.o)
    0x080004b6   0x0000004a   Code   RO         2664    .text               c_w.l(sys_stackheap_outer.o)
    0x08000500   0x00000012   Code   RO         2666    .text               c_w.l(exit.o)
    0x08000512   0x00000002   PAD
    0x08000514   0x00000008   Code   RO         2674    .text               c_w.l(libspace.o)
    0x0800051c   0x0000000c   Code   RO         2735    .text               c_w.l(sys_exit.o)
    0x08000528   0x00000002   Code   RO         2746    .text               c_w.l(use_no_semi.o)
    0x0800052a   0x00000000   Code   RO         2748    .text               c_w.l(indicate_semi.o)
    0x0800052a   0x00000090   Code   RO         1438    i.GPIO_Init         STM_Peripheral_Lib_v1.7.1.lib(stm32f4xx_gpio.o)
    0x080005ba   0x00000046   Code   RO         1439    i.GPIO_PinAFConfig  STM_Peripheral_Lib_v1.7.1.lib(stm32f4xx_gpio.o)
    0x08000600   0x00000012   Code   RO         1447    i.GPIO_StructInit   STM_Peripheral_Lib_v1.7.1.lib(stm32f4xx_gpio.o)
    0x08000612   0x00000008   Code   RO         1448    i.GPIO_ToggleBits   STM_Peripheral_Lib_v1.7.1.lib(stm32f4xx_gpio.o)
    0x0800061a   0x0000000a   Code   RO         1450    i.GPIO_WriteBit     STM_Peripheral_Lib_v1.7.1.lib(stm32f4xx_gpio.o)
    0x08000624   0x00000078   Code   RO         1288    i.NVIC_Init         STM_Peripheral_Lib_v1.7.1.lib(misc.o)
    0x0800069c   0x00000014   Code   RO         1289    i.NVIC_PriorityGroupConfig  STM_Peripheral_Lib_v1.7.1.lib(misc.o)
    0x080006b0   0x00000020   Code   RO         1539    i.RCC_AHB1PeriphClockCmd  STM_Peripheral_Lib_v1.7.1.lib(stm32f4xx_rcc.o)
    0x080006d0   0x00000020   Code   RO         1548    i.RCC_APB1PeriphClockCmd  STM_Peripheral_Lib_v1.7.1.lib(stm32f4xx_rcc.o)
    0x080006f0   0x00000020   Code   RO         1551    i.RCC_APB2PeriphClockCmd  STM_Peripheral_Lib_v1.7.1.lib(stm32f4xx_rcc.o)
    0x08000710   0x000000e8   Code   RO         1560    i.RCC_GetClocksFreq  STM_Peripheral_Lib_v1.7.1.lib(stm32f4xx_rcc.o)
    0x080007f8   0x000000ec   Code   RO            4    i.SetSysClock       system_stm32f4xx.o
    0x080008e4   0x00000034   Code   RO         1171    i.SysTick_Handler   port.o
    0x08000918   0x00000068   Code   RO            6    i.SystemInit        system_stm32f4xx.o
    0x08000980   0x0000046a   Code   RO          363    i.TIM4_IRQHandler   controlalgorithm.o
    0x08000dea   0x00000006   Code   RO         1888    i.TIM_ClearITPendingBit  STM_Peripheral_Lib_v1.7.1.lib(stm32f4xx_tim.o)
    0x08000df0   0x00000018   Code   RO         1893    i.TIM_Cmd           STM_Peripheral_Lib_v1.7.1.lib(stm32f4xx_tim.o)
    0x08000e08   0x00000006   Code   RO         1912    i.TIM_GetCounter    STM_Peripheral_Lib_v1.7.1.lib(stm32f4xx_tim.o)
    0x08000e0e   0x00000022   Code   RO         1914    i.TIM_GetITStatus   STM_Peripheral_Lib_v1.7.1.lib(stm32f4xx_tim.o)
    0x08000e30   0x00000012   Code   RO         1918    i.TIM_ITConfig      STM_Peripheral_Lib_v1.7.1.lib(stm32f4xx_tim.o)
    0x08000e42   0x00000002   PAD
    0x08000e44   0x0000007c   Code   RO         1922    i.TIM_OC1Init       STM_Peripheral_Lib_v1.7.1.lib(stm32f4xx_tim.o)
    0x08000ec0   0x00000014   Code   RO         1940    i.TIM_OCStructInit  STM_Peripheral_Lib_v1.7.1.lib(stm32f4xx_tim.o)
    0x08000ed4   0x00000004   Code   RO         1955    i.TIM_SetCompare1   STM_Peripheral_Lib_v1.7.1.lib(stm32f4xx_tim.o)
    0x08000ed8   0x00000004   Code   RO         1956    i.TIM_SetCompare2   STM_Peripheral_Lib_v1.7.1.lib(stm32f4xx_tim.o)
    0x08000edc   0x00000004   Code   RO         1957    i.TIM_SetCompare3   STM_Peripheral_Lib_v1.7.1.lib(stm32f4xx_tim.o)
    0x08000ee0   0x00000004   Code   RO         1958    i.TIM_SetCompare4   STM_Peripheral_Lib_v1.7.1.lib(stm32f4xx_tim.o)
    0x08000ee4   0x00000004   Code   RO         1959    i.TIM_SetCounter    STM_Peripheral_Lib_v1.7.1.lib(stm32f4xx_tim.o)
    0x08000ee8   0x00000084   Code   RO         1965    i.TIM_TimeBaseInit  STM_Peripheral_Lib_v1.7.1.lib(stm32f4xx_tim.o)
    0x08000f6c   0x000000c8   Code   RO          339    i.TimerInit         timer.o
    0x08001034   0x0000007c   Code   RO          260    i.USART1_Dequeue    usart.o
    0x080010b0   0x000000e0   Code   RO          261    i.USART1_IRQHandler  usart.o
    0x08001190   0x000000e4   Code   RO          262    i.USART1_Init       usart.o
    0x08001274   0x0000001e   Code   RO         2444    i.USART_ClearITPendingBit  STM_Peripheral_Lib_v1.7.1.lib(stm32f4xx_usart.o)
    0x08001292   0x00000018   Code   RO         2447    i.USART_Cmd         STM_Peripheral_Lib_v1.7.1.lib(stm32f4xx_usart.o)
    0x080012aa   0x00000054   Code   RO         2451    i.USART_GetITStatus  STM_Peripheral_Lib_v1.7.1.lib(stm32f4xx_usart.o)
    0x080012fe   0x0000004a   Code   RO         2453    i.USART_ITConfig    STM_Peripheral_Lib_v1.7.1.lib(stm32f4xx_usart.o)
    0x08001348   0x000000d4   Code   RO         2454    i.USART_Init        STM_Peripheral_Lib_v1.7.1.lib(stm32f4xx_usart.o)
    0x0800141c   0x0000000a   Code   RO         2461    i.USART_ReceiveData  STM_Peripheral_Lib_v1.7.1.lib(stm32f4xx_usart.o)
    0x08001426   0x0000000e   Code   RO          364    i.absVal            controlalgorithm.o
    0x08001434   0x00000064   Code   RO          365    i.getPulsCnt        controlalgorithm.o
    0x08001498   0x00000248   Code   RO          426    i.gpio_init         gpio.o
    0x080016e0   0x00000158   Code   RO          155    i.main              main.o
    0x08001838   0x00000098   Code   RO          712    i.prvAddCurrentTaskToDelayedList  tasks.o
    0x080018d0   0x000000b8   Code   RO          713    i.prvAddNewTaskToReadyList  tasks.o
    0x08001988   0x00000064   Code   RO         1052    i.prvCheckForValidListAndQueue  timers.o
    0x080019ec   0x00000064   Code   RO          714    i.prvCheckTasksWaitingTermination  tasks.o
    0x08001a50   0x0000002a   Code   RO          502    i.prvCopyDataFromQueue  queue.o
    0x08001a7a   0x0000007c   Code   RO          503    i.prvCopyDataToQueue  queue.o
    0x08001af6   0x00000012   Code   RO          715    i.prvDeleteTCB      tasks.o
    0x08001b08   0x00000028   Code   RO         1053    i.prvGetNextExpireTime  timers.o
    0x08001b30   0x00000038   Code   RO         1247    i.prvHeapInit       heap_2.o
    0x08001b68   0x0000002c   Code   RO          716    i.prvIdleTask       tasks.o
    0x08001b94   0x0000002a   Code   RO          505    i.prvInitialiseNewQueue  queue.o
    0x08001bbe   0x000000b4   Code   RO          717    i.prvInitialiseNewTask  tasks.o
    0x08001c72   0x00000002   PAD
    0x08001c74   0x00000068   Code   RO          718    i.prvInitialiseTaskLists  tasks.o
    0x08001cdc   0x00000058   Code   RO         1055    i.prvInsertTimerInActiveList  timers.o
    0x08001d34   0x0000001a   Code   RO          506    i.prvIsQueueEmpty   queue.o
    0x08001d4e   0x0000001e   Code   RO          507    i.prvIsQueueFull    queue.o
    0x08001d6c   0x00000064   Code   RO         1056    i.prvProcessExpiredTimer  timers.o
    0x08001dd0   0x000000f8   Code   RO         1057    i.prvProcessReceivedCommands  timers.o
    0x08001ec8   0x00000074   Code   RO         1058    i.prvProcessTimerOrBlockTask  timers.o
    0x08001f3c   0x00000034   Code   RO          720    i.prvResetNextTaskUnblockTime  tasks.o
    0x08001f70   0x0000002c   Code   RO         1059    i.prvSampleTimeNow  timers.o
    0x08001f9c   0x000000a0   Code   RO         1060    i.prvSwitchTimerLists  timers.o
    0x0800203c   0x00000040   Code   RO         1172    i.prvTaskExitError  port.o
    0x0800207c   0x0000001a   Code   RO         1061    i.prvTimerTask      timers.o
    0x08002096   0x0000007e   Code   RO          508    i.prvUnlockQueue    queue.o
    0x08002114   0x000000c4   Code   RO         1248    i.pvPortMalloc      heap_2.o
    0x080021d8   0x00000020   Code   RO          723    i.pvTaskIncrementMutexHeldCount  tasks.o
    0x080021f8   0x0000002c   Code   RO         1173    i.pxPortInitialiseStack  port.o
    0x08002224   0x00000018   Code   RO          366    i.sign              controlalgorithm.o
    0x0800223c   0x00000074   Code   RO          724    i.ulTaskNotifyTake  tasks.o
    0x080022b0   0x00000028   Code   RO          456    i.uxListRemove      list.o
    0x080022d8   0x00000018   Code   RO          156    i.vApplicationIdleHook  main.o
    0x080022f0   0x00000016   Code   RO          157    i.vApplicationMallocFailedHook  main.o
    0x08002306   0x00000002   PAD
    0x08002308   0x00000018   Code   RO          158    i.vApplicationTickHook  main.o
    0x08002320   0x000000b8   Code   RO          264    i.vDecodeMsgTask    usart.o
    0x080023d8   0x0000001a   Code   RO          457    i.vListInitialise   list.o
    0x080023f2   0x00000006   Code   RO          458    i.vListInitialiseItem  list.o
    0x080023f8   0x00000034   Code   RO          459    i.vListInsert       list.o
    0x0800242c   0x00000018   Code   RO          460    i.vListInsertEnd    list.o
    0x08002444   0x00000054   Code   RO         1175    i.vPortEnterCritical  port.o
    0x08002498   0x0000003c   Code   RO         1176    i.vPortExitCritical  port.o
    0x080024d4   0x00000040   Code   RO         1249    i.vPortFree         heap_2.o
    0x08002514   0x00000010   Code   RO         1177    i.vPortSetupTimerInterrupt  port.o
    0x08002524   0x00000078   Code   RO         1178    i.vPortValidateInterruptPriority  port.o
    0x0800259c   0x0000002c   Code   RO          514    i.vQueueAddToRegistry  queue.o
    0x080025c8   0x0000004a   Code   RO          518    i.vQueueWaitForMessageRestricted  queue.o
    0x08002612   0x00000002   PAD
    0x08002614   0x000000d4   Code   RO          732    i.vTaskDelayUntil   tasks.o
    0x080026e8   0x0000000c   Code   RO          736    i.vTaskMissedYield  tasks.o
    0x080026f4   0x000001e0   Code   RO          367    i.vTaskMotorController  controlalgorithm.o
    0x080028d4   0x000000f0   Code   RO          737    i.vTaskNotifyGiveFromISR  tasks.o
    0x080029c4   0x00000038   Code   RO          738    i.vTaskPlaceOnEventList  tasks.o
    0x080029fc   0x00000040   Code   RO          739    i.vTaskPlaceOnEventListRestricted  tasks.o
    0x08002a3c   0x000000b0   Code   RO          741    i.vTaskPriorityInherit  tasks.o
    0x08002aec   0x00000030   Code   RO          745    i.vTaskSetTimeOutState  tasks.o
    0x08002b1c   0x00000094   Code   RO          746    i.vTaskStartScheduler  tasks.o
    0x08002bb0   0x00000010   Code   RO          748    i.vTaskSuspendAll   tasks.o
    0x08002bc0   0x0000008c   Code   RO          749    i.vTaskSwitchContext  tasks.o
    0x08002c4c   0x0000013c   Code   RO         1179    i.xPortStartScheduler  port.o
    0x08002d88   0x00000058   Code   RO          521    i.xQueueGenericCreate  queue.o
    0x08002de0   0x000001c4   Code   RO          522    i.xQueueGenericReceive  queue.o
    0x08002fa4   0x00000098   Code   RO          523    i.xQueueGenericReset  queue.o
    0x0800303c   0x000001a8   Code   RO          524    i.xQueueGenericSend  queue.o
    0x080031e4   0x000000f8   Code   RO          525    i.xQueueGenericSendFromISR  queue.o
    0x080032dc   0x000000ca   Code   RO          531    i.xQueueReceiveFromISR  queue.o
    0x080033a6   0x00000002   PAD
    0x080033a8   0x0000008c   Code   RO          750    i.xTaskCheckForTimeOut  tasks.o
    0x08003434   0x00000060   Code   RO          751    i.xTaskCreate       tasks.o
    0x08003494   0x00000020   Code   RO          755    i.xTaskGetSchedulerState  tasks.o
    0x080034b4   0x0000000c   Code   RO          756    i.xTaskGetTickCount  tasks.o
    0x080034c0   0x00000154   Code   RO          758    i.xTaskIncrementTick  tasks.o
    0x08003614   0x000000c8   Code   RO          761    i.xTaskPriorityDisinherit  tasks.o
    0x080036dc   0x00000098   Code   RO          762    i.xTaskRemoveFromEventList  tasks.o
    0x08003774   0x00000104   Code   RO          764    i.xTaskResumeAll    tasks.o
    0x08003878   0x00000058   Code   RO         1065    i.xTimerCreateTimerTask  timers.o
    0x080038d0   0x00000084   Code   RO         1066    i.xTimerGenericCommand  timers.o
    0x08003954   0x0000000a   Code   RO         2733    x$fpl$fpinit        fz_wm.l(fpinit.o)
    0x0800395e   0x00000002   PAD
    0x08003960   0x00000020   Data   RO         2801    Region$$Table       anon$$obj.o


    Execution Region ER_RW (Base: 0x20000000, Size: 0x000000e8, Max: 0xffffffff, ABSOLUTE)

    Base Addr    Size         Type   Attr      Idx    E Section Name        Object

    0x20000000   0x00000020   Data   RW          160    .data               main.o
    0x20000020   0x00000016   Data   RW          266    .data               usart.o
    0x20000036   0x00000002   PAD
    0x20000038   0x0000002c   Data   RW          368    .data               controlalgorithm.o
    0x20000064   0x0000003c   Data   RW          767    .data               tasks.o
    0x200000a0   0x00000014   Data   RW         1072    .data               timers.o
    0x200000b4   0x0000000c   Data   RW         1180    .data               port.o
    0x200000c0   0x00000018   Data   RW         1253    .data               heap_2.o
    0x200000d8   0x00000010   Data   RW         1592    .data               STM_Peripheral_Lib_v1.7.1.lib(stm32f4xx_rcc.o)


    Execution Region ER_ZI (Base: 0x200000e8, Size: 0x0001af40, Max: 0xffffffff, ABSOLUTE)

    Base Addr    Size         Type   Attr      Idx    E Section Name        Object

    0x200000e8   0x00000020   Zero   RW          159    .bss                main.o
    0x20000108   0x00000190   Zero   RW          265    .bss                usart.o
    0x20000298   0x00000040   Zero   RW          533    .bss                queue.o
    0x200002d8   0x000000c8   Zero   RW          766    .bss                tasks.o
    0x200003a0   0x00000028   Zero   RW         1071    .bss                timers.o
    0x200003c8   0x00012c00   Zero   RW         1252    .bss                heap_2.o
    0x20012fc8   0x00000060   Zero   RW         2675    .bss                c_w.l(libspace.o)
    0x20013028   0x00004000   Zero   RW          146    HEAP                startup_stm32f40_41xxx.o
    0x20017028   0x00004000   Zero   RW          145    STACK               startup_stm32f40_41xxx.o


==============================================================================

Image component sizes


      Code (inc. data)   RO Data    RW Data    ZI Data      Debug   Object Name

      1748        130          0         44          0       7137   controlalgorithm.o
       584         16          0          0          0        848   gpio.o
       316         48          0         24      76800       3947   heap_2.o
       148          0          0          0          0       5054   list.o
       414         96          0         32         32      15961   main.o
       938         86          0         12          0      12125   port.o
      2074         22          0          0         64      23936   queue.o
        64         26        392          0      32768        996   startup_stm32f40_41xxx.o
       340         32          0          0          0     293141   system_stm32f4xx.o
      3326        400          0         60        200      28886   tasks.o
       200          4          0          0          0        800   timer.o
      1142        118          0         20         40      10115   timers.o
       760         92          0         22        400      39221   usart.o

    ----------------------------------------------------------------------
     12064       1070        424        216     110304     442167   Object Totals
         0          0         32          0          0          0   (incl. Generated)
        10          0          0          2          0          0   (incl. Padding)

    ----------------------------------------------------------------------

      Code (inc. data)   RO Data    RW Data    ZI Data      Debug   Library Member Name

       140         24          0          0          0     288591   misc.o
       250          0          0          0          0       4211   stm32f4xx_gpio.o
       328         36          0         16          0       5375   stm32f4xx_rcc.o
       384         38          0          0          0       9969   stm32f4xx_tim.o
       434          8          0          0          0       5772   stm32f4xx_usart.o
         8          0          0          0          0         68   __main.o
         0          0          0          0          0          0   __rtentry.o
        12          0          0          0          0          0   __rtentry2.o
         6          0          0          0          0          0   __rtentry4.o
        52          8          0          0          0          0   __scatter.o
        26          0          0          0          0          0   __scatter_copy.o
        28          0          0          0          0          0   __scatter_zi.o
        16          0          0          0          0         68   aeabi_memset.o
        18          0          0          0          0         80   exit.o
         6          0          0          0          0        152   heapauxi.o
         0          0          0          0          0          0   indicate_semi.o
         2          0          0          0          0          0   libinit.o
         6          0          0          0          0          0   libinit2.o
         2          0          0          0          0          0   libshutdown.o
         2          0          0          0          0          0   libshutdown2.o
         8          4          0          0         96         68   libspace.o
        68          0          0          0          0         68   rt_memclr.o
        78          0          0          0          0         80   rt_memclr_w.o
       138          0          0          0          0         68   rt_memcpy_v6.o
       100          0          0          0          0         80   rt_memcpy_w.o
         2          0          0          0          0          0   rtexit.o
        10          0          0          0          0          0   rtexit2.o
        12          4          0          0          0         68   sys_exit.o
        74          0          0          0          0         80   sys_stackheap_outer.o
         2          0          0          0          0         68   use_no_semi.o
        10          0          0          0          0        116   fpinit.o

    ----------------------------------------------------------------------
      2232        122          0         16         96     314982   Library Totals
        10          0          0          0          0          0   (incl. Padding)

    ----------------------------------------------------------------------

      Code (inc. data)   RO Data    RW Data    ZI Data      Debug   Library Name

      1536        106          0         16          0     313918   STM_Peripheral_Lib_v1.7.1.lib
       676         16          0          0         96        948   c_w.l
        10          0          0          0          0        116   fz_wm.l

    ----------------------------------------------------------------------
      2232        122          0         16         96     314982   Library Totals

    ----------------------------------------------------------------------

==============================================================================


      Code (inc. data)   RO Data    RW Data    ZI Data      Debug   

     14296       1192        424        232     110400     745433   Grand Totals
     14296       1192        424        232     110400     745433   ELF Image Totals
     14296       1192        424        232          0          0   ROM Totals

==============================================================================

    Total RO  Size (Code + RO Data)                14720 (  14.38kB)
    Total RW  Size (RW Data + ZI Data)            110632 ( 108.04kB)
    Total ROM Size (Code + RO Data + RW Data)      14952 (  14.60kB)

==============================================================================

